ARM Linker, 5.03 [Build 76] [MDK-ARM Standard]

==============================================================================

Section Cross References

    startup_stm32f10x_md.o(STACK) refers (Special) to heapauxi.o(.text) for __use_two_region_memory
    startup_stm32f10x_md.o(HEAP) refers (Special) to heapauxi.o(.text) for __use_two_region_memory
    startup_stm32f10x_md.o(RESET) refers (Special) to heapauxi.o(.text) for __use_two_region_memory
    startup_stm32f10x_md.o(RESET) refers to startup_stm32f10x_md.o(STACK) for __initial_sp
    startup_stm32f10x_md.o(RESET) refers to startup_stm32f10x_md.o(.text) for Reset_Handler
    startup_stm32f10x_md.o(RESET) refers to stm32f10x_it.o(.text) for NMI_Handler
    startup_stm32f10x_md.o(RESET) refers to app.o(.text) for TIM2_IRQHandler
    startup_stm32f10x_md.o(RESET) refers to pwm.o(.text) for TIM3_IRQHandler
    startup_stm32f10x_md.o(RESET) refers to pcmsg.o(.text) for USART1_IRQHandler
    startup_stm32f10x_md.o(RESET) refers to busservoctrl.o(.text) for USART2_IRQHandler
    startup_stm32f10x_md.o(RESET) refers to bluetooth.o(.text) for USART3_IRQHandler
    startup_stm32f10x_md.o(.text) refers (Special) to heapauxi.o(.text) for __use_two_region_memory
    startup_stm32f10x_md.o(.text) refers to system_stm32f10x.o(.text) for SystemInit
    startup_stm32f10x_md.o(.text) refers to __main.o(!!!main) for __main
    startup_stm32f10x_md.o(.text) refers to startup_stm32f10x_md.o(HEAP) for Heap_Mem
    startup_stm32f10x_md.o(.text) refers to startup_stm32f10x_md.o(STACK) for Stack_Mem
    stm32f10x_adc.o(.text) refers to stm32f10x_rcc.o(.text) for RCC_APB2PeriphResetCmd
    stm32f10x_bkp.o(.text) refers to stm32f10x_rcc.o(.text) for RCC_BackupResetCmd
    stm32f10x_can.o(.text) refers to stm32f10x_rcc.o(.text) for RCC_APB1PeriphResetCmd
    stm32f10x_cec.o(.text) refers to stm32f10x_rcc.o(.text) for RCC_APB1PeriphResetCmd
    stm32f10x_dac.o(.text) refers to stm32f10x_rcc.o(.text) for RCC_APB1PeriphResetCmd
    stm32f10x_gpio.o(.text) refers to stm32f10x_rcc.o(.text) for RCC_APB2PeriphResetCmd
    stm32f10x_i2c.o(.text) refers to stm32f10x_rcc.o(.text) for RCC_APB1PeriphResetCmd
    stm32f10x_pwr.o(.text) refers to stm32f10x_rcc.o(.text) for RCC_APB1PeriphResetCmd
    stm32f10x_rcc.o(.text) refers to stm32f10x_rcc.o(.data) for APBAHBPrescTable
    stm32f10x_spi.o(.text) refers to stm32f10x_rcc.o(.text) for RCC_APB2PeriphResetCmd
    stm32f10x_tim.o(.text) refers to stm32f10x_rcc.o(.text) for RCC_APB2PeriphResetCmd
    stm32f10x_usart.o(.text) refers to stm32f10x_rcc.o(.text) for RCC_APB2PeriphResetCmd
    stm32f10x_wwdg.o(.text) refers to stm32f10x_rcc.o(.text) for RCC_APB1PeriphResetCmd
    main.o(.text) refers to system_stm32f10x.o(.text) for SystemInit
    main.o(.text) refers to app.o(.text) for InitDelay
    main.o(.text) refers to misc.o(.text) for NVIC_PriorityGroupConfig
    main.o(.text) refers to pwm.o(.text) for InitPWM
    main.o(.text) refers to pcmsg.o(.text) for InitUart1
    main.o(.text) refers to bluetooth.o(.text) for InitUart3
    main.o(.text) refers to ps2gamepad.o(.text) for InitPS2
    main.o(.text) refers to flash.o(.text) for InitFlash
    main.o(.text) refers to busservoctrl.o(.text) for InitBusServoCtrl
    pwm.o(.text) refers to fflt_clz.o(x$fpl$fflt) for __aeabi_i2f
    pwm.o(.text) refers to fflt_clz.o(x$fpl$ffltu) for __aeabi_ui2f
    pwm.o(.text) refers to fdiv.o(x$fpl$fdiv) for __aeabi_fdiv
    pwm.o(.text) refers to fmul.o(x$fpl$fmul) for __aeabi_fmul
    pwm.o(.text) refers to ffix.o(x$fpl$ffix) for __aeabi_f2iz
    pwm.o(.text) refers to misc.o(.text) for NVIC_Init
    pwm.o(.text) refers to stm32f10x_rcc.o(.text) for RCC_APB2PeriphClockCmd
    pwm.o(.text) refers to stm32f10x_gpio.o(.text) for GPIO_Init
    pwm.o(.text) refers to pwm.o(.data) for ServoPwmDutySet
    pwm.o(.text) refers to pwm.o(.bss) for ServoPwmDutyInc
    system_stm32f10x.o(.text) refers to system_stm32f10x.o(.data) for SystemCoreClock
    pcmsg.o(.text) refers to stm32f10x_rcc.o(.text) for RCC_APB2PeriphClockCmd
    pcmsg.o(.text) refers to stm32f10x_gpio.o(.text) for GPIO_Init
    pcmsg.o(.text) refers to stm32f10x_usart.o(.text) for USART_Init
    pcmsg.o(.text) refers to misc.o(.text) for NVIC_Init
    pcmsg.o(.text) refers to flash.o(.text) for FlashEraseSector
    pcmsg.o(.text) refers to pwm.o(.text) for ServoSetPluseAndTime
    pcmsg.o(.text) refers to busservoctrl.o(.text) for BusServoCtrl
    pcmsg.o(.text) refers to robotrun.o(.text) for FullActRun
    pcmsg.o(.text) refers to pcmsg.o(.data) for fFrameStart
    pcmsg.o(.text) refers to pcmsg.o(.bss) for Uart1RxBuffer
    app.o(.text) refers to misc.o(.text) for SysTick_CLKSourceConfig
    app.o(.text) refers to stm32f10x_rcc.o(.text) for RCC_APB2PeriphClockCmd
    app.o(.text) refers to stm32f10x_gpio.o(.text) for GPIO_Init
    app.o(.text) refers to stm32f10x_tim.o(.text) for TIM_TimeBaseInit
    app.o(.text) refers to stm32f10x_adc.o(.text) for ADC_DeInit
[...]
    rtexit.o(.ARM.Collect$$rtexit$$00000000) refers (Special) to rtexit2.o(.ARM.Collect$$rtexit$$00000003) for __rt_exit_ls
    rtexit.o(.ARM.Collect$$rtexit$$00000000) refers (Special) to rtexit2.o(.ARM.Collect$$rtexit$$00000002) for __rt_exit_prels_1
    rtexit.o(.ARM.exidx) refers (Special) to rtexit2.o(.ARM.Collect$$rtexit$$00000004) for __rt_exit_exit
    rtexit.o(.ARM.exidx) refers (Special) to rtexit2.o(.ARM.Collect$$rtexit$$00000003) for __rt_exit_ls
    rtexit.o(.ARM.exidx) refers (Special) to rtexit2.o(.ARM.Collect$$rtexit$$00000002) for __rt_exit_prels_1
    rtexit.o(.ARM.exidx) refers to rtexit.o(.ARM.Collect$$rtexit$$00000000) for .ARM.Collect$$rtexit$$00000000
    libinit2.o(.ARM.Collect$$libinit$$0000000E) refers to libinit2.o(.ARM.Collect$$libinit$$0000000D) for .ARM.Collect$$libinit$$0000000D
    libinit2.o(.ARM.Collect$$libinit$$00000010) refers to libinit2.o(.ARM.Collect$$libinit$$0000000D) for .ARM.Collect$$libinit$$0000000D
    libinit2.o(.ARM.Collect$$libinit$$00000012) refers to libinit2.o(.ARM.Collect$$libinit$$0000000D) for .ARM.Collect$$libinit$$0000000D
    libinit2.o(.ARM.Collect$$libinit$$00000014) refers to libinit2.o(.ARM.Collect$$libinit$$0000000D) for .ARM.Collect$$libinit$$0000000D
    libinit2.o(.ARM.Collect$$libinit$$00000016) refers to libinit2.o(.ARM.Collect$$libinit$$0000000D) for .ARM.Collect$$libinit$$0000000D
    libinit2.o(.ARM.Collect$$libinit$$00000024) refers to argv_veneer.o(.emb_text) for __ARM_argv_veneer
    libinit2.o(.ARM.Collect$$libinit$$00000025) refers to argv_veneer.o(.emb_text) for __ARM_argv_veneer
    rtexit2.o(.ARM.Collect$$rtexit$$00000003) refers to libshutdown.o(.ARM.Collect$$libshutdown$$00000000) for __rt_lib_shutdown
    rtexit2.o(.ARM.Collect$$rtexit$$00000004) refers to sys_exit.o(.text) for _sys_exit
    rtexit2.o(.ARM.exidx) refers to rtexit2.o(.ARM.Collect$$rtexit$$00000001) for .ARM.Collect$$rtexit$$00000001
    rtexit2.o(.ARM.exidx) refers to rtexit2.o(.ARM.Collect$$rtexit$$00000003) for .ARM.Collect$$rtexit$$00000003
    rtexit2.o(.ARM.exidx) refers to rtexit2.o(.ARM.Collect$$rtexit$$00000004) for .ARM.Collect$$rtexit$$00000004
    argv_veneer.o(.emb_text) refers to no_argv.o(.text) for __ARM_get_argv
    sys_exit.o(.text) refers (Special) to use_no_semi.o(.text) for __I$use$semihosting
    sys_exit.o(.text) refers (Special) to indicate_semi.o(.text) for __semihosting_library_function
    _get_argv_nomalloc.o(.text) refers (Special) to hrguard.o(.text) for __heap_region$guard
    _get_argv_nomalloc.o(.text) refers to defsig_rtmem_outer.o(.text) for __rt_SIGRTMEM
    _get_argv_nomalloc.o(.text) refers to sys_command.o(.text) for _sys_command_string
    libshutdown.o(.ARM.Collect$$libshutdown$$00000000) refers (Special) to libshutdown2.o(.ARM.Collect$$libshutdown$$00000006) for __rt_lib_shutdown_fp_trap_1
    libshutdown.o(.ARM.Collect$$libshutdown$$00000000) refers (Special) to libshutdown2.o(.ARM.Collect$$libshutdown$$0000000E) for __rt_lib_shutdown_heap_1
    libshutdown.o(.ARM.Collect$$libshutdown$$00000000) refers (Special) to libshutdown2.o(.ARM.Collect$$libshutdown$$0000000F) for __rt_lib_shutdown_return
    libshutdown.o(.ARM.Collect$$libshutdown$$00000000) refers (Special) to libshutdown2.o(.ARM.Collect$$libshutdown$$00000009) for __rt_lib_shutdown_signal_1
    libshutdown.o(.ARM.Collect$$libshutdown$$00000000) refers (Special) to libshutdown2.o(.ARM.Collect$$libshutdown$$00000003) for __rt_lib_shutdown_stdio_1
    libshutdown.o(.ARM.Collect$$libshutdown$$00000000) refers (Special) to libshutdown2.o(.ARM.Collect$$libshutdown$$0000000B) for __rt_lib_shutdown_user_alloc_1
    sys_command.o(.text) refers (Special) to use_no_semi.o(.text) for __I$use$semihosting
    sys_command.o(.text) refers (Special) to indicate_semi.o(.text) for __semihosting_library_function
    defsig_rtmem_outer.o(.text) refers to defsig_rtmem_inner.o(.text) for __rt_SIGRTMEM_inner
    defsig_rtmem_outer.o(.text) refers to defsig_exit.o(.text) for __sig_exit
    defsig_rtmem_formal.o(.text) refers to rt_raise.o(.text) for __rt_raise
    rt_raise.o(.text) refers to __raise.o(.text) for __raise
    rt_raise.o(.text) refers to sys_exit.o(.text) for _sys_exit
    defsig_exit.o(.text) refers to sys_exit.o(.text) for _sys_exit
    defsig_rtmem_inner.o(.text) refers to defsig_general.o(.text) for __default_signal_display
    __raise.o(.text) refers to defsig.o(CL$$defsig) for __default_signal_handler
    defsig_general.o(.text) refers to sys_wrch.o(.text) for _ttywrch
    sys_wrch.o(.text) refers (Special) to use_no_semi.o(.text) for __I$use$semihosting
    sys_wrch.o(.text) refers (Special) to indicate_semi.o(.text) for __semihosting_library_function
    defsig.o(CL$$defsig) refers to defsig_rtmem_inner.o(.text) for __rt_SIGRTMEM_inner
    defsig_abrt_inner.o(.text) refers to defsig_general.o(.text) for __default_signal_display
    defsig_fpe_inner.o(.text) refers to defsig_general.o(.text) for __default_signal_display
    defsig_rtred_inner.o(.text) refers to defsig_general.o(.text) for __default_signal_display
    defsig_stak_inner.o(.text) refers to defsig_general.o(.text) for __default_signal_display
    defsig_pvfn_inner.o(.text) refers to defsig_general.o(.text) for __default_signal_display
    defsig_cppl_inner.o(.text) refers to defsig_general.o(.text) for __default_signal_display
    defsig_segv_inner.o(.text) refers to defsig_general.o(.text) for __default_signal_display
    defsig_other.o(.text) refers to defsig_general.o(.text) for __default_signal_display


==============================================================================

Removing Unused input sections from the image.

    Removing core_cm3.o(.emb_text), (32 bytes).
    Removing stm32f10x_bkp.o(.text), (196 bytes).
    Removing stm32f10x_can.o(.text), (2540 bytes).
    Removing stm32f10x_cec.o(.text), (288 bytes).
    Removing stm32f10x_crc.o(.text), (72 bytes).
    Removing stm32f10x_dac.o(.text), (396 bytes).
    Removing stm32f10x_dbgmcu.o(.text), (48 bytes).
    Removing stm32f10x_dma.o(.text), (592 bytes).
    Removing stm32f10x_exti.o(.text), (284 bytes).
    Removing stm32f10x_flash.o(.text), (1468 bytes).
    Removing stm32f10x_fsmc.o(.text), (1560 bytes).
    Removing stm32f10x_i2c.o(.text), (1028 bytes).
    Removing stm32f10x_iwdg.o(.text), (64 bytes).
    Removing stm32f10x_pwr.o(.text), (204 bytes).
    Removing stm32f10x_rtc.o(.text), (324 bytes).
    Removing stm32f10x_sdio.o(.text), (472 bytes).
    Removing stm32f10x_wwdg.o(.text), (136 bytes).

17 unused section(s) (total 9704 bytes) removed from the image.

==============================================================================

Image Symbol Table

    Local Symbols

    Symbol Name                              Value     Ov Type        Size  Object(Section)

    ../clib/angel/boardlib.s                 0x00000000   Number         0  boardinit3.o ABSOLUTE
    ../clib/angel/boardlib.s                 0x00000000   Number         0  boardinit1.o ABSOLUTE
    ../clib/angel/boardlib.s                 0x00000000   Number         0  boardinit2.o ABSOLUTE
    ../clib/angel/boardlib.s                 0x00000000   Number         0  boardshut.o ABSOLUTE
    ../clib/angel/handlers.s                 0x00000000   Number         0  __scatter_zi.o ABSOLUTE
    ../clib/angel/handlers.s                 0x00000000   Number         0  __scatter_copy.o ABSOLUTE
    ../clib/angel/kernel.s                   0x00000000   Number         0  rtentry2.o ABSOLUTE
    ../clib/angel/kernel.s                   0x00000000   Number         0  rtentry.o ABSOLUTE
    ../clib/angel/kernel.s                   0x00000000   Number         0  rtexit2.o ABSOLUTE
    ../clib/angel/kernel.s                   0x00000000   Number         0  rtentry4.o ABSOLUTE
    ../clib/angel/kernel.s                   0x00000000   Number         0  rtexit.o ABSOLUTE
    ../clib/angel/rt.s                       0x00000000   Number         0  rt_raise.o ABSOLUTE
    ../clib/angel/scatter.s                  0x00000000   Number         0  __scatter.o ABSOLUTE
    ../clib/angel/startup.s                  0x00000000   Number         0  __main.o ABSOLUTE
    ../clib/angel/sys.s                      0x00000000   Number         0  use_no_semi.o ABSOLUTE
    ../clib/angel/sys.s                      0x00000000   Number         0  indicate_semi.o ABSOLUTE
    ../clib/angel/sys.s                      0x00000000   Number         0  sys_stackheap_outer.o ABSOLUTE
    ../clib/angel/sys.s                      0x00000000   Number         0  libspace.o ABSOLUTE
    ../clib/angel/sysapp.c                   0x00000000   Number         0  sys_command.o ABSOLUTE
    ../clib/angel/sysapp.c                   0x00000000   Number         0  sys_wrch.o ABSOLUTE
    ../clib/angel/sysapp.c                   0x00000000   Number         0  sys_exit.o ABSOLUTE
    ../clib/armsys.c                         0x00000000   Number         0  argv_veneer.o ABSOLUTE
    ../clib/armsys.c                         0x00000000   Number         0  no_argv.o ABSOLUTE
    ../clib/armsys.c                         0x00000000   Number         0  argv_veneer.o ABSOLUTE
    ../clib/armsys.c                         0x00000000   Number         0  _get_argv_nomalloc.o ABSOLUTE
    ../clib/heapalloc.c                      0x00000000   Number         0  hrguard.o ABSOLUTE
    ../clib/heapaux.c                        0x00000000   Number         0  heapauxi.o ABSOLUTE
    ../clib/libinit.s                        0x00000000   Number         0  libinit2.o ABSOLUTE
    ../clib/libinit.s                        0x00000000   Number         0  libshutdown2.o ABSOLUTE
    ../clib/libinit.s                        0x00000000   Number         0  libinit.o ABSOLUTE
    ../clib/libinit.s                        0x00000000   Number         0  libshutdown.o ABSOLUTE
    ../clib/signal.c                         0x00000000   Number         0  defsig_rtmem_formal.o ABSOLUTE
    ../clib/signal.c                         0x00000000   Number         0  defsig_rtmem_outer.o ABSOLUTE
    ../clib/signal.c                         0x00000000   Number         0  defsig_general.o ABSOLUTE
    ../clib/signal.c                         0x00000000   Number         0  __raise.o ABSOLUTE
    ../clib/signal.c                         0x00000000   Number         0  defsig_rtmem_inner.o ABSOLUTE
    ../clib/signal.c                         0x00000000   Number         0  defsig_exit.o ABSOLUTE
    ../clib/signal.c                         0x00000000   Number         0  defsig_segv_inner.o ABSOLUTE
    ../clib/signal.c                         0x00000000   Number         0  defsig_cppl_inner.o ABSOLUTE
    ../clib/signal.c                         0x00000000   Number         0  defsig_pvfn_inner.o ABSOLUTE
    ../clib/signal.c                         0x00000000   Number         0  defsig_stak_inner.o ABSOLUTE
    ../clib/signal.c                         0x00000000   Number         0  defsig_rtred_inner.o ABSOLUTE
    ../clib/signal.c                         0x00000000   Number         0  defsig_fpe_inner.o ABSOLUTE
    ../clib/signal.c                         0x00000000   Number         0  defsig_abrt_inner.o ABSOLUTE
    ../clib/signal.c                         0x00000000   Number         0  defsig_other.o ABSOLUTE
    ../clib/signal.s                         0x00000000   Number         0  defsig.o ABSOLUTE
    ../clib/stdlib.c                         0x00000000   Number         0  exit.o ABSOLUTE
    ../fplib/fdiv.s                          0x00000000   Number         0  fdiv.o ABSOLUTE
    ../fplib/ffix.s                          0x00000000   Number         0  ffix.o ABSOLUTE
    ../fplib/fflt.s                          0x00000000   Number         0  fflt_clz.o ABSOLUTE
    ../fplib/fmul.s                          0x00000000   Number         0  fmul.o ABSOLUTE
    ../fplib/fnaninf.s                       0x00000000   Number         0  fnaninf.o ABSOLUTE
    ../fplib/fpinit.s                        0x00000000   Number         0  fpinit.o ABSOLUTE
    ../fplib/fretinf.s                       0x00000000   Number         0  fretinf.o ABSOLUTE
    ../fplib/usenofp.s                       0x00000000   Number         0  usenofp.o ABSOLUTE
    CORE\\core_cm3.c                         0x00000000   Number         0  core_cm3.o ABSOLUTE
    CORE\core_cm3.c                          0x00000000   Number         0  core_cm3.o ABSOLUTE
    CORE\startup_stm32f10x_md.s              0x00000000   Number         0  startup_stm32f10x_md.o ABSOLUTE
    STM32F10x_FWLib\src\misc.c               0x00000000   Number         0  misc.o ABSOLUTE
    STM32F10x_FWLib\src\stm32f10x_adc.c      0x00000000   Number         0  stm32f10x_adc.o ABSOLUTE
    STM32F10x_FWLib\src\stm32f10x_bkp.c      0x00000000   Number         0  stm32f10x_bkp.o ABSOLUTE
    STM32F10x_FWLib\src\stm32f10x_can.c      0x00000000   Number         0  stm32f10x_can.o ABSOLUTE
    STM32F10x_FWLib\src\stm32f10x_cec.c      0x00000000   Number         0  stm32f10x_cec.o ABSOLUTE
    STM32F10x_FWLib\src\stm32f10x_crc.c      0x00000000   Number         0  stm32f10x_crc.o ABSOLUTE
    STM32F10x_FWLib\src\stm32f10x_dac.c      0x00000000   Number         0  stm32f10x_dac.o ABSOLUTE
    STM32F10x_FWLib\src\stm32f10x_dbgmcu.c   0x00000000   Number         0  stm32f10x_dbgmcu.o ABSOLUTE
    STM32F10x_FWLib\src\stm32f10x_dma.c      0x00000000   Number         0  stm32f10x_dma.o ABSOLUTE
    STM32F10x_FWLib\src\stm32f10x_exti.c     0x00000000   Number         0  stm32f10x_exti.o ABSOLUTE
    STM32F10x_FWLib\src\stm32f10x_flash.c    0x00000000   Number         0  stm32f10x_flash.o ABSOLUTE
    STM32F10x_FWLib\src\stm32f10x_fsmc.c     0x00000000   Number         0  stm32f10x_fsmc.o ABSOLUTE
    STM32F10x_FWLib\src\stm32f10x_gpio.c     0x00000000   Number         0  stm32f10x_gpio.o ABSOLUTE
    STM32F10x_FWLib\src\stm32f10x_i2c.c      0x00000000   Number         0  stm32f10x_i2c.o ABSOLUTE
    STM32F10x_FWLib\src\stm32f10x_iwdg.c     0x00000000   Number         0  stm32f10x_iwdg.o ABSOLUTE
    STM32F10x_FWLib\src\stm32f10x_pwr.c      0x00000000   Number         0  stm32f10x_pwr.o ABSOLUTE
    STM32F10x_FWLib\src\stm32f10x_rcc.c      0x00000000   Number         0  stm32f10x_rcc.o ABSOLUTE
    STM32F10x_FWLib\src\stm32f10x_rtc.c      0x00000000   Number         0  stm32f10x_rtc.o ABSOLUTE
    STM32F10x_FWLib\src\stm32f10x_sdio.c     0x00000000   Number         0  stm32f10x_sdio.o ABSOLUTE
    STM32F10x_FWLib\src\stm32f10x_spi.c      0x00000000   Number         0  stm32f10x_spi.o ABSOLUTE
    STM32F10x_FWLib\src\stm32f10x_tim.c      0x00000000   Number         0  stm32f10x_tim.o ABSOLUTE
    STM32F10x_FWLib\src\stm32f10x_usart.c    0x00000000   Number         0  stm32f10x_usart.o ABSOLUTE
    STM32F10x_FWLib\src\stm32f10x_wwdg.c     0x00000000   Number         0  stm32f10x_wwdg.o ABSOLUTE
    USER\App.c                               0x00000000   Number         0  app.o ABSOLUTE
    USER\Bluetooth.c                         0x00000000   Number         0  bluetooth.o ABSOLUTE
    USER\BusServoCtrl.c                      0x00000000   Number         0  busservoctrl.o ABSOLUTE
    USER\Flash.c                             0x00000000   Number         0  flash.o ABSOLUTE
    USER\PCMsg.c                             0x00000000   Number         0  pcmsg.o ABSOLUTE
    USER\PS2GamePad.c                        0x00000000   Number         0  ps2gamepad.o ABSOLUTE
    USER\PWM.c                               0x00000000   Number         0  pwm.o ABSOLUTE
    USER\RobotRun.c                          0x00000000   Number         0  robotrun.o ABSOLUTE
    USER\main.c                              0x00000000   Number         0  main.o ABSOLUTE
    USER\stm32f10x_it.c                      0x00000000   Number         0  stm32f10x_it.o ABSOLUTE
    USER\system_stm32f10x.c                  0x00000000   Number         0  system_stm32f10x.o ABSOLUTE
    dc.s                                     0x00000000   Number         0  dc.o ABSOLUTE
    RESET                                    0x08000000   Section      236  startup_stm32f10x_md.o(RESET)
    !!!main                                  0x080000ec   Section        8  __main.o(!!!main)
    !!!scatter                               0x080000f4   Section       52  __scatter.o(!!!scatter)
    !!handler_copy                           0x08000128   Section       26  __scatter_copy.o(!!handler_copy)
    !!handler_zi                             0x08000144   Section       28  __scatter_zi.o(!!handler_zi)
    .ARM.Collect$$libinit$$00000000          0x08000160   Section        2  libinit.o(.ARM.Collect$$libinit$$00000000)
    .ARM.Collect$$libinit$$00000002          0x08000162   Section        0  libinit2.o(.ARM.Collect$$libinit$$00000002)
    .ARM.Collect$$libinit$$00000008          0x08000162   Section        0  libinit2.o(.ARM.Collect$$libinit$$00000008)
    .ARM.Collect$$libinit$$0000000A          0x08000162   Section        0  libinit2.o(.ARM.Collect$$libinit$$0000000A)
    .ARM.Collect$$libinit$$0000000C          0x08000162   Section        0  libinit2.o(.ARM.Collect$$libinit$$0000000C)
    .ARM.Collect$$libinit$$0000000F          0x08000162   Section        0  libinit2.o(.ARM.Collect$$libinit$$0000000F)
    .ARM.Collect$$libinit$$00000011          0x08000162   Section        0  libinit2.o(.ARM.Collect$$libinit$$00000011)
    .ARM.Collect$$libinit$$00000013          0x08000162   Section        0  libinit2.o(.ARM.Collect$$libinit$$00000013)
    .ARM.Collect$$libinit$$00000015          0x08000162   Section        0  libinit2.o(.ARM.Collect$$libinit$$00000015)
    .ARM.Collect$$libinit$$00000017          0x08000162   Section        0  libinit2.o(.ARM.Collect$$libinit$$00000017)
    .ARM.Collect$$libinit$$00000019          0x08000162   Section        0  libinit2.o(.ARM.Collect$$libinit$$00000019)
    .ARM.Collect$$libinit$$0000001B          0x08000162   Section        0  libinit2.o(.ARM.Collect$$libinit$$0000001B)
    .ARM.Collect$$libinit$$0000001D          0x08000162   Section        0  libinit2.o(.ARM.Collect$$libinit$$0000001D)
    .ARM.Collect$$libinit$$0000001F          0x08000162   Section        0  libinit2.o(.ARM.Collect$$libinit$$0000001F)
    .ARM.Collect$$libinit$$00000021          0x08000162   Section        0  libinit2.o(.ARM.Collect$$libinit$$00000021)
    .ARM.Collect$$libinit$$00000023          0x08000162   Section        0  libinit2.o(.ARM.Collect$$libinit$$00000023)
    .ARM.Collect$$libinit$$0000002A          0x08000162   Section        0  libinit2.o(.ARM.Collect$$libinit$$0000002A)
    .ARM.Collect$$libinit$$0000002C          0x08000162   Section        0  libinit2.o(.ARM.Collect$$libinit$$0000002C)
    .ARM.Collect$$libinit$$0000002E          0x08000162   Section        0  libinit2.o(.ARM.Collect$$libinit$$0000002E)
    .ARM.Collect$$libinit$$00000030          0x08000162   Section        0  libinit2.o(.ARM.Collect$$libinit$$00000030)
    .ARM.Collect$$libinit$$00000031          0x08000162   Section        2  libinit2.o(.ARM.Collect$$libinit$$00000031)
    .ARM.Collect$$libshutdown$$00000000      0x08000164   Section        2  libshutdown.o(.ARM.Collect$$libshutdown$$00000000)
    .ARM.Collect$$libshutdown$$00000003      0x08000166   Section        0  libshutdown2.o(.ARM.Collect$$libshutdown$$00000003)
    .ARM.Collect$$libshutdown$$00000006      0x08000166   Section        0  libshutdown2.o(.ARM.Collect$$libshutdown$$00000006)
    .ARM.Collect$$libshutdown$$00000009      0x08000166   Section        0  libshutdown2.o(.ARM.Collect$$libshutdown$$00000009)
    .ARM.Collect$$libshutdown$$0000000B      0x08000166   Section        0  libshutdown2.o(.ARM.Collect$$libshutdown$$0000000B)
    .ARM.Collect$$libshutdown$$0000000E      0x08000166   Section        0  libshutdown2.o(.ARM.Collect$$libshutdown$$0000000E)
    .ARM.Collect$$libshutdown$$0000000F      0x08000166   Section        2  libshutdown2.o(.ARM.Collect$$libshutdown$$0000000F)
    .ARM.Collect$$rtentry$$00000000          0x08000168   Section        0  rtentry.o(.ARM.Collect$$rtentry$$00000000)
    .ARM.Collect$$rtentry$$00000002          0x08000168   Section        0  rtentry2.o(.ARM.Collect$$rtentry$$00000002)
    .ARM.Collect$$rtentry$$00000004          0x08000168   Section        6  rtentry4.o(.ARM.Collect$$rtentry$$00000004)
    .ARM.Collect$$rtentry$$00000009          0x0800016e   Section        0  rtentry2.o(.ARM.Collect$$rtentry$$00000009)
    .ARM.Collect$$rtentry$$0000000A          0x0800016e   Section        4  rtentry2.o(.ARM.Collect$$rtentry$$0000000A)
    .ARM.Collect$$rtentry$$0000000C          0x08000172   Section        0  rtentry2.o(.ARM.Collect$$rtentry$$0000000C)
    .ARM.Collect$$rtentry$$0000000D          0x08000172   Section        8  rtentry2.o(.ARM.Collect$$rtentry$$0000000D)
    .ARM.Collect$$rtexit$$00000000           0x0800017a   Section        2  rtexit.o(.ARM.Collect$$rtexit$$00000000)
    .ARM.Collect$$rtexit$$00000002           0x0800017c   Section        0  rtexit2.o(.ARM.Collect$$rtexit$$00000002)
    .ARM.Collect$$rtexit$$00000003           0x0800017c   Section        4  rtexit2.o(.ARM.Collect$$rtexit$$00000003)
    .ARM.Collect$$rtexit$$00000004           0x08000180   Section        6  rtexit2.o(.ARM.Collect$$rtexit$$00000004)
    .text                                    0x08000188   Section       64  startup_stm32f10x_md.o(.text)
    .text                                    0x080001c8   Section        0  misc.o(.text)
    .text                                    0x080002a4   Section        0  stm32f10x_adc.o(.text)
    .text                                    0x080006f4   Section        0  stm32f10x_gpio.o(.text)
    .text                                    0x08000a4c   Section        0  stm32f10x_rcc.o(.text)
    .text                                    0x08000df0   Section        0  stm32f10x_spi.o(.text)
    .text                                    0x080010fc   Section        0  stm32f10x_tim.o(.text)
    TI4_Config                               0x080015a3   Thumb Code   130  stm32f10x_tim.o(.text)
    TI3_Config                               0x08001637   Thumb Code   122  stm32f10x_tim.o(.text)
    TI2_Config                               0x080016cb   Thumb Code   130  stm32f10x_tim.o(.text)
    TI1_Config                               0x0800175f   Thumb Code   108  stm32f10x_tim.o(.text)
    .text                                    0x08001f18   Section        0  stm32f10x_usart.o(.text)
    .text                                    0x08002320   Section        0  main.o(.text)
    .text                                    0x080023cc   Section        0  pwm.o(.text)
    .text                                    0x080027e0   Section        0  stm32f10x_it.o(.text)
    .text                                    0x080027fc   Section        0  system_stm32f10x.o(.text)
    SetSysClockTo72                          0x080027fd   Thumb Code   212  system_stm32f10x.o(.text)
    SetSysClock                              0x080028d1   Thumb Code     8  system_stm32f10x.o(.text)
    .text                                    0x080029d8   Section        0  pcmsg.o(.text)
    UartRxOK                                 0x08002bc9   Thumb Code    20  pcmsg.o(.text)
    .text                                    0x08002de4   Section        0  app.o(.text)
    .text                                    0x08003934   Section        0  robotrun.o(.text)
    .text                                    0x08003b18   Section        0  flash.o(.text)
    .text                                    0x08003d48   Section        0  ps2gamepad.o(.text)
    Delay                                    0x08003d49   Thumb Code    12  ps2gamepad.o(.text)
    .text                                    0x08004224   Section        0  bluetooth.o(.text)
    UartRxOK                                 0x080043a3   Thumb Code    20  bluetooth.o(.text)
    .text                                    0x080044ec   Section        0  busservoctrl.o(.text)
    .text                                    0x080046ac   Section        0  heapauxi.o(.text)
    .text                                    0x080046b2   Section       74  sys_stackheap_outer.o(.text)
    .text                                    0x080046fc   Section        0  exit.o(.text)
    .text                                    0x08004708   Section        8  libspace.o(.text)
    .text                                    0x08004710   Section        0  sys_exit.o(.text)
    .text                                    0x0800471c   Section        2  use_no_semi.o(.text)
    .text                                    0x0800471e   Section        0  indicate_semi.o(.text)
    x$fpl$fdiv                               0x08004720   Section      388  fdiv.o(x$fpl$fdiv)
    _fdiv1                                   0x08004721   Thumb Code     0  fdiv.o(x$fpl$fdiv)
    x$fpl$ffix                               0x080048a4   Section       54  ffix.o(x$fpl$ffix)
    x$fpl$fflt                               0x080048dc   Section       48  fflt_clz.o(x$fpl$fflt)
    x$fpl$ffltu                              0x0800490c   Section       38  fflt_clz.o(x$fpl$ffltu)
    x$fpl$fmul                               0x08004934   Section      258  fmul.o(x$fpl$fmul)
    x$fpl$fnaninf                            0x08004a36   Section      140  fnaninf.o(x$fpl$fnaninf)
    x$fpl$fretinf                            0x08004ac2   Section       10  fretinf.o(x$fpl$fretinf)
    x$fpl$usenofp                            0x08004acc   Section        0  usenofp.o(x$fpl$usenofp)
    .data                                    0x20000000   Section       20  stm32f10x_rcc.o(.data)
    APBAHBPrescTable                         0x20000000   Data          16  stm32f10x_rcc.o(.data)
    ADCPrescTable                            0x20000010   Data           4  stm32f10x_rcc.o(.data)
    .data                                    0x20000014   Section       42  pwm.o(.data)
    ServoPwmDutyIncTimes                     0x20000038   Data           2  pwm.o(.data)
    ServoRunning                             0x2000003a   Data           1  pwm.o(.data)
    i                                        0x2000003c   Data           2  pwm.o(.data)
    .data                                    0x20000040   Section       20  system_stm32f10x.o(.data)
    .data                                    0x20000054   Section        5  pcmsg.o(.data)
    fUartRxComplete                          0x20000054   Data           1  pcmsg.o(.data)
    startCodeSum                             0x20000055   Data           1  pcmsg.o(.data)
    fFrameStart                              0x20000056   Data           1  pcmsg.o(.data)
    messageLength                            0x20000057   Data           1  pcmsg.o(.data)
    messageLengthSum                         0x20000058   Data           1  pcmsg.o(.data)
    .data                                    0x2000005c   Section       63  app.o(.data)
    fac_us                                   0x20000064   Data           1  app.o(.data)
    fac_ms                                   0x20000066   Data           2  app.o(.data)
    fBuzzer                                  0x2000007a   Data           1  app.o(.data)
    t1                                       0x2000007c   Data           4  app.o(.data)
    t2                                       0x20000080   Data           4  app.o(.data)
    time                                     0x20000084   Data           4  app.o(.data)
    timeBattery                              0x20000088   Data           2  app.o(.data)
    time                                     0x2000008c   Data           4  app.o(.data)
    times                                    0x20000090   Data           4  app.o(.data)
    Ps2State                                 0x20000094   Data           1  app.o(.data)
    mode                                     0x20000095   Data           1  app.o(.data)
    keycount                                 0x20000096   Data           1  app.o(.data)
    .data                                    0x2000009c   Section       19  robotrun.o(.data)
    .data                                    0x200000b0   Section       38  ps2gamepad.o(.data)
    .data                                    0x200000d6   Section        5  bluetooth.o(.data)
    fUartRxComplete                          0x200000d6   Data           1  bluetooth.o(.data)
    startCodeSum                             0x200000d7   Data           1  bluetooth.o(.data)
    fFrameStart                              0x200000d8   Data           1  bluetooth.o(.data)
    messageLength                            0x200000d9   Data           1  bluetooth.o(.data)
    messageLengthSum                         0x200000da   Data           1  bluetooth.o(.data)
    .bss                                     0x200000dc   Section       32  pwm.o(.bss)
    .bss                                     0x200000fc   Section      776  pcmsg.o(.bss)
    UartRxBuffer                             0x200000fc   Data         260  pcmsg.o(.bss)
    .bss                                     0x20000404   Section       18  flash.o(.bss)
    .bss                                     0x20000416   Section        9  ps2gamepad.o(.bss)
    .bss                                     0x2000041f   Section      260  bluetooth.o(.bss)
    UartRxBuffer                             0x2000041f   Data         260  bluetooth.o(.bss)
    .bss                                     0x20000524   Section       96  libspace.o(.bss)
    HEAP                                     0x20000588   Section      512  startup_stm32f10x_md.o(HEAP)
    Heap_Mem                                 0x20000588   Data         512  startup_stm32f10x_md.o(HEAP)
    STACK                                    0x20000788   Section     1024  startup_stm32f10x_md.o(STACK)
    Stack_Mem                                0x20000788   Data        1024  startup_stm32f10x_md.o(STACK)
    __initial_sp                             0x20000b88   Data           0  startup_stm32f10x_md.o(STACK)

    Global Symbols

    Symbol Name                              Value     Ov Type        Size  Object(Section)

    BuildAttributes$$THM_ISAv4$P$D$K$B$S$PE$A:L22UL41UL21$X:L11$S22US41US21$IEEE1$IW$USESV6$~STKCKD$USESV7$~SHL$OSPACE$ROPI$EBA8$UX$STANDARDLIB$REQ8$PRES8$EABIv2 0x00000000   Number         0  anon$$obj.o ABSOLUTE
    __ARM_use_no_argv                        0x00000000   Number         0  main.o ABSOLUTE
    __ARM_exceptions_init                     - Undefined Weak Reference
    __alloca_initialize                       - Undefined Weak Reference
    __cpp_initialize__aeabi_                  - Undefined Weak Reference
    __cxa_finalize                            - Undefined Weak Reference
    __rt_locale                               - Undefined Weak Reference
    __sigvec_lookup                           - Undefined Weak Reference
    _atexit_init                              - Undefined Weak Reference
    _call_atexit_fns                          - Undefined Weak Reference
    _clock_init                               - Undefined Weak Reference
    _fp_trap_init                             - Undefined Weak Reference
    _fp_trap_shutdown                         - Undefined Weak Reference
    _get_lc_collate                           - Undefined Weak Reference
    _get_lc_ctype                             - Undefined Weak Reference
    _get_lc_monetary                          - Undefined Weak Reference
    _get_lc_numeric                           - Undefined Weak Reference
    _get_lc_time                              - Undefined Weak Reference
    _getenv_init                              - Undefined Weak Reference
    _handle_redirection                       - Undefined Weak Reference
    _init_alloc                               - Undefined Weak Reference
    _init_user_alloc                          - Undefined Weak Reference
    _initio                                   - Undefined Weak Reference
    _rand_init                                - Undefined Weak Reference
    _signal_finish                            - Undefined Weak Reference
    _signal_init                              - Undefined Weak Reference
    _terminate_alloc                          - Undefined Weak Reference
    _terminate_user_alloc                     - Undefined Weak Reference
    _terminateio                              - Undefined Weak Reference
    __Vectors_Size                           0x000000ec   Number         0  startup_stm32f10x_md.o ABSOLUTE
    __Vectors                                0x08000000   Data           4  startup_stm32f10x_md.o(RESET)
    __Vectors_End                            0x080000ec   Data           0  startup_stm32f10x_md.o(RESET)
    __main                                   0x080000ed   Thumb Code     8  __main.o(!!!main)
    __scatterload                            0x080000f5   Thumb Code     0  __scatter.o(!!!scatter)
    __scatterload_rt2                        0x080000f5   Thumb Code    44  __scatter.o(!!!scatter)
    __scatterload_rt2_thumb_only             0x080000f5   Thumb Code     0  __scatter.o(!!!scatter)
    __scatterload_null                       0x08000103   Thumb Code     0  __scatter.o(!!!scatter)
    __scatterload_copy                       0x08000129   Thumb Code    26  __scatter_copy.o(!!handler_copy)
    __scatterload_zeroinit                   0x08000145   Thumb Code    28  __scatter_zi.o(!!handler_zi)
    __rt_lib_init                            0x08000161   Thumb Code     0  libinit.o(.ARM.Collect$$libinit$$00000000)
    __rt_lib_init_alloca_1                   0x08000163   Thumb Code     0  libinit2.o(.ARM.Collect$$libinit$$0000002C)
    __rt_lib_init_argv_1                     0x08000163   Thumb Code     0  libinit2.o(.ARM.Collect$$libinit$$0000002A)
    __rt_lib_init_atexit_1                   0x08000163   Thumb Code     0  libinit2.o(.ARM.Collect$$libinit$$00000019)
    __rt_lib_init_clock_1                    0x08000163   Thumb Code     0  libinit2.o(.ARM.Collect$$libinit$$0000001F)
    __rt_lib_init_cpp_1                      0x08000163   Thumb Code     0  libinit2.o(.ARM.Collect$$libinit$$00000030)
    __rt_lib_init_exceptions_1               0x08000163   Thumb Code     0  libinit2.o(.ARM.Collect$$libinit$$0000002E)
    __rt_lib_init_fp_1                       0x08000163   Thumb Code     0  libinit2.o(.ARM.Collect$$libinit$$00000002)
    __rt_lib_init_fp_trap_1                  0x08000163   Thumb Code     0  libinit2.o(.ARM.Collect$$libinit$$0000001D)
    __rt_lib_init_getenv_1                   0x08000163   Thumb Code     0  libinit2.o(.ARM.Collect$$libinit$$00000021)
    __rt_lib_init_heap_1                     0x08000163   Thumb Code     0  libinit2.o(.ARM.Collect$$libinit$$00000008)
    __rt_lib_init_lc_collate_1               0x08000163   Thumb Code     0  libinit2.o(.ARM.Collect$$libinit$$0000000F)
    __rt_lib_init_lc_ctype_1                 0x08000163   Thumb Code     0  libinit2.o(.ARM.Collect$$libinit$$00000011)
    __rt_lib_init_lc_monetary_1              0x08000163   Thumb Code     0  libinit2.o(.ARM.Collect$$libinit$$00000013)
    __rt_lib_init_lc_numeric_1               0x08000163   Thumb Code     0  libinit2.o(.ARM.Collect$$libinit$$00000015)
    __rt_lib_init_lc_time_1                  0x08000163   Thumb Code     0  libinit2.o(.ARM.Collect$$libinit$$00000017)
    __rt_lib_init_rand_1                     0x08000163   Thumb Code     0  libinit2.o(.ARM.Collect$$libinit$$0000000C)
    __rt_lib_init_return                     0x08000163   Thumb Code     0  libinit2.o(.ARM.Collect$$libinit$$00000031)
    __rt_lib_init_signal_1                   0x08000163   Thumb Code     0  libinit2.o(.ARM.Collect$$libinit$$0000001B)
    __rt_lib_init_stdio_1                    0x08000163   Thumb Code     0  libinit2.o(.ARM.Collect$$libinit$$00000023)
    __rt_lib_init_user_alloc_1               0x08000163   Thumb Code     0  libinit2.o(.ARM.Collect$$libinit$$0000000A)
    __rt_lib_shutdown                        0x08000165   Thumb Code     0  libshutdown.o(.ARM.Collect$$libshutdown$$00000000)
    __rt_lib_shutdown_fp_trap_1              0x08000167   Thumb Code     0  libshutdown2.o(.ARM.Collect$$libshutdown$$00000006)
    __rt_lib_shutdown_heap_1                 0x08000167   Thumb Code     0  libshutdown2.o(.ARM.Collect$$libshutdown$$0000000E)
    __rt_lib_shutdown_return                 0x08000167   Thumb Code     0  libshutdown2.o(.ARM.Collect$$libshutdown$$0000000F)
    __rt_lib_shutdown_signal_1               0x08000167   Thumb Code     0  libshutdown2.o(.ARM.Collect$$libshutdown$$00000009)
    __rt_lib_shutdown_stdio_1                0x08000167   Thumb Code     0  libshutdown2.o(.ARM.Collect$$libshutdown$$00000003)
    __rt_lib_shutdown_user_alloc_1           0x08000167   Thumb Code     0  libshutdown2.o(.ARM.Collect$$libshutdown$$0000000B)
    __rt_entry                               0x08000169   Thumb Code     0  rtentry.o(.ARM.Collect$$rtentry$$00000000)
    __rt_entry_presh_1                       0x08000169   Thumb Code     0  rtentry2.o(.ARM.Collect$$rtentry$$00000002)
    __rt_entry_sh                            0x08000169   Thumb Code     0  rtentry4.o(.ARM.Collect$$rtentry$$00000004)
    __rt_entry_li                            0x0800016f   Thumb Code     0  rtentry2.o(.ARM.Collect$$rtentry$$0000000A)
    __rt_entry_postsh_1                      0x0800016f   Thumb Code     0  rtentry2.o(.ARM.Collect$$rtentry$$00000009)
    __rt_entry_main                          0x08000173   Thumb Code     0  rtentry2.o(.ARM.Collect$$rtentry$$0000000D)
    __rt_entry_postli_1                      0x08000173   Thumb Code     0  rtentry2.o(.ARM.Collect$$rtentry$$0000000C)
    __rt_exit                                0x0800017b   Thumb Code     0  rtexit.o(.ARM.Collect$$rtexit$$00000000)
    __rt_exit_ls                             0x0800017d   Thumb Code     0  rtexit2.o(.ARM.Collect$$rtexit$$00000003)
    __rt_exit_prels_1                        0x0800017d   Thumb Code     0  rtexit2.o(.ARM.Collect$$rtexit$$00000002)
    __rt_exit_exit                           0x08000181   Thumb Code     0  rtexit2.o(.ARM.Collect$$rtexit$$00000004)
    Reset_Handler                            0x08000189   Thumb Code     8  startup_stm32f10x_md.o(.text)
    ADC1_2_IRQHandler                        0x080001a3   Thumb Code     0  startup_stm32f10x_md.o(.text)
    CAN1_RX1_IRQHandler                      0x080001a3   Thumb Code     0  startup_stm32f10x_md.o(.text)
    CAN1_SCE_IRQHandler                      0x080001a3   Thumb Code     0  startup_stm32f10x_md.o(.text)
    DMA1_Channel1_IRQHandler                 0x080001a3   Thumb Code     0  startup_stm32f10x_md.o(.text)
    DMA1_Channel2_IRQHandler                 0x080001a3   Thumb Code     0  startup_stm32f10x_md.o(.text)
    DMA1_Channel3_IRQHandler                 0x080001a3   Thumb Code     0  startup_stm32f10x_md.o(.text)
    DMA1_Channel4_IRQHandler                 0x080001a3   Thumb Code     0  startup_stm32f10x_md.o(.text)
    DMA1_Channel5_IRQHandler                 0x080001a3   Thumb Code     0  startup_stm32f10x_md.o(.text)
    DMA1_Channel6_IRQHandler                 0x080001a3   Thumb Code     0  startup_stm32f10x_md.o(.text)
    DMA1_Channel7_IRQHandler                 0x080001a3   Thumb Code     0  startup_stm32f10x_md.o(.text)
    EXTI0_IRQHandler                         0x080001a3   Thumb Code     0  startup_stm32f10x_md.o(.text)
    EXTI15_10_IRQHandler                     0x080001a3   Thumb Code     0  startup_stm32f10x_md.o(.text)
    EXTI1_IRQHandler                         0x080001a3   Thumb Code     0  startup_stm32f10x_md.o(.text)
    EXTI2_IRQHandler                         0x080001a3   Thumb Code     0  startup_stm32f10x_md.o(.text)
    EXTI3_IRQHandler                         0x080001a3   Thumb Code     0  startup_stm32f10x_md.o(.text)
    EXTI4_IRQHandler                         0x080001a3   Thumb Code     0  startup_stm32f10x_md.o(.text)
    EXTI9_5_IRQHandler                       0x080001a3   Thumb Code     0  startup_stm32f10x_md.o(.text)
    FLASH_IRQHandler                         0x080001a3   Thumb Code     0  startup_stm32f10x_md.o(.text)
    I2C1_ER_IRQHandler                       0x080001a3   Thumb Code     0  startup_stm32f10x_md.o(.text)
    I2C1_EV_IRQHandler                       0x080001a3   Thumb Code     0  startup_stm32f10x_md.o(.text)
    I2C2_ER_IRQHandler                       0x080001a3   Thumb Code     0  startup_stm32f10x_md.o(.text)
    I2C2_EV_IRQHandler                       0x080001a3   Thumb Code     0  startup_stm32f10x_md.o(.text)
    PVD_IRQHandler                           0x080001a3   Thumb Code     0  startup_stm32f10x_md.o(.text)
    RCC_IRQHandler                           0x080001a3   Thumb Code     0  startup_stm32f10x_md.o(.text)
    RTCAlarm_IRQHandler                      0x080001a3   Thumb Code     0  startup_stm32f10x_md.o(.text)
    RTC_IRQHandler                           0x080001a3   Thumb Code     0  startup_stm32f10x_md.o(.text)
    SPI1_IRQHandler                          0x080001a3   Thumb Code     0  startup_stm32f10x_md.o(.text)
    SPI2_IRQHandler                          0x080001a3   Thumb Code     0  startup_stm32f10x_md.o(.text)
    TAMPER_IRQHandler                        0x080001a3   Thumb Code     0  startup_stm32f10x_md.o(.text)
    TIM1_BRK_IRQHandler                      0x080001a3   Thumb Code     0  startup_stm32f10x_md.o(.text)
    TIM1_CC_IRQHandler                       0x080001a3   Thumb Code     0  startup_stm32f10x_md.o(.text)
    TIM1_TRG_COM_IRQHandler                  0x080001a3   Thumb Code     0  startup_stm32f10x_md.o(.text)
    TIM1_UP_IRQHandler                       0x080001a3   Thumb Code     0  startup_stm32f10x_md.o(.text)
    TIM4_IRQHandler                          0x080001a3   Thumb Code     0  startup_stm32f10x_md.o(.text)
    USBWakeUp_IRQHandler                     0x080001a3   Thumb Code     0  startup_stm32f10x_md.o(.text)
    USB_HP_CAN1_TX_IRQHandler                0x080001a3   Thumb Code     0  startup_stm32f10x_md.o(.text)
    USB_LP_CAN1_RX0_IRQHandler               0x080001a3   Thumb Code     0  startup_stm32f10x_md.o(.text)
    WWDG_IRQHandler                          0x080001a3   Thumb Code     0  startup_stm32f10x_md.o(.text)
    __user_initial_stackheap                 0x080001a5   Thumb Code     0  startup_stm32f10x_md.o(.text)
    NVIC_PriorityGroupConfig                 0x080001c9   Thumb Code    10  misc.o(.text)
    NVIC_Init                                0x080001d3   Thumb Code   102  misc.o(.text)
    NVIC_SetVectorTable                      0x08000239   Thumb Code    14  misc.o(.text)
    NVIC_SystemLPConfig                      0x08000247   Thumb Code    34  misc.o(.text)
    SysTick_CLKSourceConfig                  0x08000269   Thumb Code    40  misc.o(.text)
    ADC_DeInit                               0x080002a5   Thumb Code    78  stm32f10x_adc.o(.text)
    ADC_Init                                 0x080002f3   Thumb Code    70  stm32f10x_adc.o(.text)
    ADC_StructInit                           0x08000339   Thumb Code    18  stm32f10x_adc.o(.text)
    ADC_Cmd                                  0x0800034b   Thumb Code    22  stm32f10x_adc.o(.text)
    ADC_DMACmd                               0x08000361   Thumb Code    22  stm32f10x_adc.o(.text)
    ADC_ITConfig                             0x08000377   Thumb Code    24  stm32f10x_adc.o(.text)
    ADC_ResetCalibration                     0x0800038f   Thumb Code    10  stm32f10x_adc.o(.text)
    ADC_GetResetCalibrationStatus            0x08000399   Thumb Code    20  stm32f10x_adc.o(.text)
    ADC_StartCalibration                     0x080003ad   Thumb Code    10  stm32f10x_adc.o(.text)
    ADC_GetCalibrationStatus                 0x080003b7   Thumb Code    20  stm32f10x_adc.o(.text)
    ADC_SoftwareStartConvCmd                 0x080003cb   Thumb Code    22  stm32f10x_adc.o(.text)
    ADC_GetSoftwareStartConvStatus           0x080003e1   Thumb Code    20  stm32f10x_adc.o(.text)
    ADC_DiscModeChannelCountConfig           0x080003f5   Thumb Code    24  stm32f10x_adc.o(.text)
    ADC_DiscModeCmd                          0x0800040d   Thumb Code    22  stm32f10x_adc.o(.text)
    ADC_RegularChannelConfig                 0x08000423   Thumb Code   184  stm32f10x_adc.o(.text)
    ADC_ExternalTrigConvCmd                  0x080004db   Thumb Code    22  stm32f10x_adc.o(.text)
    ADC_GetConversionValue                   0x080004f1   Thumb Code     8  stm32f10x_adc.o(.text)
    ADC_GetDualModeConversionValue           0x080004f9   Thumb Code     8  stm32f10x_adc.o(.text)
    ADC_AutoInjectedConvCmd                  0x08000501   Thumb Code    22  stm32f10x_adc.o(.text)
    ADC_InjectedDiscModeCmd                  0x08000517   Thumb Code    22  stm32f10x_adc.o(.text)
    ADC_ExternalTrigInjectedConvConfig       0x0800052d   Thumb Code    16  stm32f10x_adc.o(.text)
    ADC_ExternalTrigInjectedConvCmd          0x0800053d   Thumb Code    22  stm32f10x_adc.o(.text)
    ADC_SoftwareStartInjectedConvCmd         0x08000553   Thumb Code    22  stm32f10x_adc.o(.text)
    ADC_GetSoftwareStartInjectedConvCmdStatus 0x08000569   Thumb Code    20  stm32f10x_adc.o(.text)
    ADC_InjectedChannelConfig                0x0800057d   Thumb Code   130  stm32f10x_adc.o(.text)
    ADC_InjectedSequencerLengthConfig        0x080005ff   Thumb Code    24  stm32f10x_adc.o(.text)
    ADC_SetInjectedOffset                    0x08000617   Thumb Code    20  stm32f10x_adc.o(.text)
    ADC_GetInjectedConversionValue           0x0800062b   Thumb Code    28  stm32f10x_adc.o(.text)
    ADC_AnalogWatchdogCmd                    0x08000647   Thumb Code    16  stm32f10x_adc.o(.text)
    ADC_AnalogWatchdogThresholdsConfig       0x08000657   Thumb Code     6  stm32f10x_adc.o(.text)
    ADC_AnalogWatchdogSingleChannelConfig    0x0800065d   Thumb Code    16  stm32f10x_adc.o(.text)
    ADC_TempSensorVrefintCmd                 0x0800066d   Thumb Code    64  stm32f10x_adc.o(.text)
    ADC_GetFlagStatus                        0x080006ad   Thumb Code    18  stm32f10x_adc.o(.text)
    ADC_ClearFlag                            0x080006bf   Thumb Code     6  stm32f10x_adc.o(.text)
    ADC_GetITStatus                          0x080006c5   Thumb Code    36  stm32f10x_adc.o(.text)
    ADC_ClearITPendingBit                    0x080006e9   Thumb Code    10  stm32f10x_adc.o(.text)
    GPIO_DeInit                              0x080006f5   Thumb Code   172  stm32f10x_gpio.o(.text)
    GPIO_AFIODeInit                          0x080007a1   Thumb Code    20  stm32f10x_gpio.o(.text)
    GPIO_Init                                0x080007b5   Thumb Code   274  stm32f10x_gpio.o(.text)
    GPIO_StructInit                          0x080008c7   Thumb Code    16  stm32f10x_gpio.o(.text)
    GPIO_ReadInputDataBit                    0x080008d7   Thumb Code    18  stm32f10x_gpio.o(.text)
    GPIO_ReadInputData                       0x080008e9   Thumb Code     8  stm32f10x_gpio.o(.text)
    GPIO_ReadOutputDataBit                   0x080008f1   Thumb Code    18  stm32f10x_gpio.o(.text)
    GPIO_ReadOutputData                      0x08000903   Thumb Code     8  stm32f10x_gpio.o(.text)
    GPIO_SetBits                             0x0800090b   Thumb Code     4  stm32f10x_gpio.o(.text)
    GPIO_ResetBits                           0x0800090f   Thumb Code     4  stm32f10x_gpio.o(.text)
    GPIO_WriteBit                            0x08000913   Thumb Code    10  stm32f10x_gpio.o(.text)
    GPIO_Write                               0x0800091d   Thumb Code     4  stm32f10x_gpio.o(.text)
    GPIO_PinLockConfig                       0x08000921   Thumb Code    18  stm32f10x_gpio.o(.text)
    GPIO_EventOutputConfig                   0x08000933   Thumb Code    26  stm32f10x_gpio.o(.text)
    GPIO_EventOutputCmd                      0x0800094d   Thumb Code     6  stm32f10x_gpio.o(.text)
    GPIO_PinRemapConfig                      0x08000953   Thumb Code   138  stm32f10x_gpio.o(.text)
    GPIO_EXTILineConfig                      0x080009dd   Thumb Code    66  stm32f10x_gpio.o(.text)
    GPIO_ETH_MediaInterfaceConfig            0x08000a1f   Thumb Code     6  stm32f10x_gpio.o(.text)
    RCC_DeInit                               0x08000a4d   Thumb Code    64  stm32f10x_rcc.o(.text)
    RCC_HSEConfig                            0x08000a8d   Thumb Code    70  stm32f10x_rcc.o(.text)
    RCC_GetFlagStatus                        0x08000ad3   Thumb Code    56  stm32f10x_rcc.o(.text)
    RCC_WaitForHSEStartUp                    0x08000b0b   Thumb Code    56  stm32f10x_rcc.o(.text)
    RCC_AdjustHSICalibrationValue            0x08000b43   Thumb Code    20  stm32f10x_rcc.o(.text)
    RCC_HSICmd                               0x08000b57   Thumb Code     6  stm32f10x_rcc.o(.text)
    RCC_PLLConfig                            0x08000b5d   Thumb Code    24  stm32f10x_rcc.o(.text)
    RCC_PLLCmd                               0x08000b75   Thumb Code     6  stm32f10x_rcc.o(.text)
    RCC_SYSCLKConfig                         0x08000b7b   Thumb Code    18  stm32f10x_rcc.o(.text)
    RCC_GetSYSCLKSource                      0x08000b8d   Thumb Code    10  stm32f10x_rcc.o(.text)
    RCC_HCLKConfig                           0x08000b97   Thumb Code    18  stm32f10x_rcc.o(.text)
    RCC_PCLK1Config                          0x08000ba9   Thumb Code    18  stm32f10x_rcc.o(.text)
    RCC_PCLK2Config                          0x08000bbb   Thumb Code    20  stm32f10x_rcc.o(.text)
    RCC_ITConfig                             0x08000bcf   Thumb Code    26  stm32f10x_rcc.o(.text)
    RCC_USBCLKConfig                         0x08000be9   Thumb Code     6  stm32f10x_rcc.o(.text)
    RCC_ADCCLKConfig                         0x08000bef   Thumb Code    18  stm32f10x_rcc.o(.text)
    RCC_LSEConfig                            0x08000c01   Thumb Code    44  stm32f10x_rcc.o(.text)
    RCC_LSICmd                               0x08000c2d   Thumb Code     6  stm32f10x_rcc.o(.text)
    RCC_RTCCLKConfig                         0x08000c33   Thumb Code    12  stm32f10x_rcc.o(.text)
    RCC_RTCCLKCmd                            0x08000c3f   Thumb Code     8  stm32f10x_rcc.o(.text)
    RCC_GetClocksFreq                        0x08000c47   Thumb Code   192  stm32f10x_rcc.o(.text)
    RCC_AHBPeriphClockCmd                    0x08000d07   Thumb Code    26  stm32f10x_rcc.o(.text)
    RCC_APB2PeriphClockCmd                   0x08000d21   Thumb Code    26  stm32f10x_rcc.o(.text)
    RCC_APB1PeriphClockCmd                   0x08000d3b   Thumb Code    26  stm32f10x_rcc.o(.text)
    RCC_APB2PeriphResetCmd                   0x08000d55   Thumb Code    26  stm32f10x_rcc.o(.text)
    RCC_APB1PeriphResetCmd                   0x08000d6f   Thumb Code    26  stm32f10x_rcc.o(.text)
    RCC_BackupResetCmd                       0x08000d89   Thumb Code     8  stm32f10x_rcc.o(.text)
    RCC_ClockSecuritySystemCmd               0x08000d91   Thumb Code     6  stm32f10x_rcc.o(.text)
    RCC_MCOConfig                            0x08000d97   Thumb Code     6  stm32f10x_rcc.o(.text)
    RCC_ClearFlag                            0x08000d9d   Thumb Code    14  stm32f10x_rcc.o(.text)
    RCC_GetITStatus                          0x08000dab   Thumb Code    20  stm32f10x_rcc.o(.text)
    RCC_ClearITPendingBit                    0x08000dbf   Thumb Code     6  stm32f10x_rcc.o(.text)
    SPI_I2S_DeInit                           0x08000df1   Thumb Code    76  stm32f10x_spi.o(.text)
    SPI_Init                                 0x08000e3d   Thumb Code    60  stm32f10x_spi.o(.text)
    I2S_Init                                 0x08000e79   Thumb Code   226  stm32f10x_spi.o(.text)
    SPI_StructInit                           0x08000f5b   Thumb Code    24  stm32f10x_spi.o(.text)
    I2S_StructInit                           0x08000f73   Thumb Code    20  stm32f10x_spi.o(.text)
    SPI_Cmd                                  0x08000f87   Thumb Code    24  stm32f10x_spi.o(.text)
    I2S_Cmd                                  0x08000f9f   Thumb Code    24  stm32f10x_spi.o(.text)
    SPI_I2S_ITConfig                         0x08000fb7   Thumb Code    32  stm32f10x_spi.o(.text)
    SPI_I2S_DMACmd                           0x08000fd7   Thumb Code    18  stm32f10x_spi.o(.text)
    SPI_I2S_SendData                         0x08000fe9   Thumb Code     4  stm32f10x_spi.o(.text)
    SPI_I2S_ReceiveData                      0x08000fed   Thumb Code     6  stm32f10x_spi.o(.text)
    SPI_NSSInternalSoftwareConfig            0x08000ff3   Thumb Code    30  stm32f10x_spi.o(.text)
    SPI_SSOutputCmd                          0x08001011   Thumb Code    24  stm32f10x_spi.o(.text)
    SPI_DataSizeConfig                       0x08001029   Thumb Code    18  stm32f10x_spi.o(.text)
    SPI_TransmitCRC                          0x0800103b   Thumb Code    10  stm32f10x_spi.o(.text)
    SPI_CalculateCRC                         0x08001045   Thumb Code    24  stm32f10x_spi.o(.text)
    SPI_GetCRC                               0x0800105d   Thumb Code    16  stm32f10x_spi.o(.text)
    SPI_GetCRCPolynomial                     0x0800106d   Thumb Code     6  stm32f10x_spi.o(.text)
    SPI_BiDirectionalLineConfig              0x08001073   Thumb Code    28  stm32f10x_spi.o(.text)
    SPI_I2S_GetFlagStatus                    0x0800108f   Thumb Code    18  stm32f10x_spi.o(.text)
    SPI_I2S_ClearFlag                        0x080010a1   Thumb Code     6  stm32f10x_spi.o(.text)
    SPI_I2S_GetITStatus                      0x080010a7   Thumb Code    52  stm32f10x_spi.o(.text)
    SPI_I2S_ClearITPendingBit                0x080010db   Thumb Code    20  stm32f10x_spi.o(.text)
    TIM_DeInit                               0x080010fd   Thumb Code   424  stm32f10x_tim.o(.text)
    TIM_TimeBaseInit                         0x080012a5   Thumb Code   122  stm32f10x_tim.o(.text)
    TIM_OC1Init                              0x0800131f   Thumb Code   132  stm32f10x_tim.o(.text)
    TIM_OC2Init                              0x080013a3   Thumb Code   154  stm32f10x_tim.o(.text)
    TIM_OC3Init                              0x0800143d   Thumb Code   150  stm32f10x_tim.o(.text)
    TIM_OC4Init                              0x080014d3   Thumb Code   182  stm32f10x_tim.o(.text)
    TIM_SetIC4Prescaler                      0x08001589   Thumb Code    26  stm32f10x_tim.o(.text)
    TIM_SetIC3Prescaler                      0x08001625   Thumb Code    18  stm32f10x_tim.o(.text)
    TIM_SetIC2Prescaler                      0x080016b1   Thumb Code    26  stm32f10x_tim.o(.text)
    TIM_SetIC1Prescaler                      0x0800174d   Thumb Code    18  stm32f10x_tim.o(.text)
    TIM_ICInit                               0x080017cb   Thumb Code   150  stm32f10x_tim.o(.text)
    TIM_PWMIConfig                           0x08001861   Thumb Code   124  stm32f10x_tim.o(.text)
    TIM_BDTRConfig                           0x080018dd   Thumb Code    32  stm32f10x_tim.o(.text)
    TIM_TimeBaseStructInit                   0x080018fd   Thumb Code    18  stm32f10x_tim.o(.text)
    TIM_OCStructInit                         0x0800190f   Thumb Code    20  stm32f10x_tim.o(.text)
    TIM_ICStructInit                         0x08001923   Thumb Code    18  stm32f10x_tim.o(.text)
    TIM_BDTRStructInit                       0x08001935   Thumb Code    40  stm32f10x_tim.o(.text)
    TIM_Cmd                                  0x0800195d   Thumb Code    24  stm32f10x_tim.o(.text)
    TIM_CtrlPWMOutputs                       0x08001975   Thumb Code    30  stm32f10x_tim.o(.text)
    TIM_ITConfig                             0x08001993   Thumb Code    18  stm32f10x_tim.o(.text)
    TIM_GenerateEvent                        0x080019a5   Thumb Code     4  stm32f10x_tim.o(.text)
    TIM_DMAConfig                            0x080019a9   Thumb Code    10  stm32f10x_tim.o(.text)
    TIM_DMACmd                               0x080019b3   Thumb Code    18  stm32f10x_tim.o(.text)
    TIM_InternalClockConfig                  0x080019c5   Thumb Code    12  stm32f10x_tim.o(.text)
    TIM_SelectInputTrigger                   0x080019d1   Thumb Code    18  stm32f10x_tim.o(.text)
    TIM_ITRxExternalClockConfig              0x080019e3   Thumb Code    24  stm32f10x_tim.o(.text)
    TIM_TIxExternalClockConfig               0x080019fb   Thumb Code    62  stm32f10x_tim.o(.text)
    TIM_ETRConfig                            0x08001a39   Thumb Code    28  stm32f10x_tim.o(.text)
    TIM_ETRClockMode1Config                  0x08001a55   Thumb Code    54  stm32f10x_tim.o(.text)
    TIM_ETRClockMode2Config                  0x08001a8b   Thumb Code    32  stm32f10x_tim.o(.text)
    TIM_PrescalerConfig                      0x08001aab   Thumb Code     6  stm32f10x_tim.o(.text)
    TIM_CounterModeConfig                    0x08001ab1   Thumb Code    18  stm32f10x_tim.o(.text)
    TIM_EncoderInterfaceConfig               0x08001ac3   Thumb Code    66  stm32f10x_tim.o(.text)
    TIM_ForcedOC1Config                      0x08001b05   Thumb Code    18  stm32f10x_tim.o(.text)
    TIM_ForcedOC2Config                      0x08001b17   Thumb Code    26  stm32f10x_tim.o(.text)
    TIM_ForcedOC3Config                      0x08001b31   Thumb Code    18  stm32f10x_tim.o(.text)
    TIM_ForcedOC4Config                      0x08001b43   Thumb Code    26  stm32f10x_tim.o(.text)
    TIM_ARRPreloadConfig                     0x08001b5d   Thumb Code    24  stm32f10x_tim.o(.text)
    TIM_SelectCOM                            0x08001b75   Thumb Code    24  stm32f10x_tim.o(.text)
    TIM_SelectCCDMA                          0x08001b8d   Thumb Code    24  stm32f10x_tim.o(.text)
    TIM_CCPreloadControl                     0x08001ba5   Thumb Code    24  stm32f10x_tim.o(.text)
    TIM_OC1PreloadConfig                     0x08001bbd   Thumb Code    18  stm32f10x_tim.o(.text)
    TIM_OC2PreloadConfig                     0x08001bcf   Thumb Code    26  stm32f10x_tim.o(.text)
    TIM_OC3PreloadConfig                     0x08001be9   Thumb Code    18  stm32f10x_tim.o(.text)
    TIM_OC4PreloadConfig                     0x08001bfb   Thumb Code    26  stm32f10x_tim.o(.text)
    TIM_OC1FastConfig                        0x08001c15   Thumb Code    18  stm32f10x_tim.o(.text)
    TIM_OC2FastConfig                        0x08001c27   Thumb Code    26  stm32f10x_tim.o(.text)
    TIM_OC3FastConfig                        0x08001c41   Thumb Code    18  stm32f10x_tim.o(.text)
    TIM_OC4FastConfig                        0x08001c53   Thumb Code    26  stm32f10x_tim.o(.text)
    TIM_ClearOC1Ref                          0x08001c6d   Thumb Code    18  stm32f10x_tim.o(.text)
    TIM_ClearOC2Ref                          0x08001c7f   Thumb Code    24  stm32f10x_tim.o(.text)
    TIM_ClearOC3Ref                          0x08001c97   Thumb Code    18  stm32f10x_tim.o(.text)
    TIM_ClearOC4Ref                          0x08001ca9   Thumb Code    24  stm32f10x_tim.o(.text)
    TIM_OC1PolarityConfig                    0x08001cc1   Thumb Code    18  stm32f10x_tim.o(.text)
    TIM_OC1NPolarityConfig                   0x08001cd3   Thumb Code    18  stm32f10x_tim.o(.text)
    TIM_OC2PolarityConfig                    0x08001ce5   Thumb Code    26  stm32f10x_tim.o(.text)
    TIM_OC2NPolarityConfig                   0x08001cff   Thumb Code    26  stm32f10x_tim.o(.text)
    TIM_OC3PolarityConfig                    0x08001d19   Thumb Code    26  stm32f10x_tim.o(.text)
    TIM_OC3NPolarityConfig                   0x08001d33   Thumb Code    26  stm32f10x_tim.o(.text)
    TIM_OC4PolarityConfig                    0x08001d4d   Thumb Code    26  stm32f10x_tim.o(.text)
    TIM_CCxCmd                               0x08001d67   Thumb Code    30  stm32f10x_tim.o(.text)
    TIM_CCxNCmd                              0x08001d85   Thumb Code    30  stm32f10x_tim.o(.text)
    TIM_SelectOCxM                           0x08001da3   Thumb Code    82  stm32f10x_tim.o(.text)
    TIM_UpdateDisableConfig                  0x08001df5   Thumb Code    24  stm32f10x_tim.o(.text)
    TIM_UpdateRequestConfig                  0x08001e0d   Thumb Code    24  stm32f10x_tim.o(.text)
    TIM_SelectHallSensor                     0x08001e25   Thumb Code    24  stm32f10x_tim.o(.text)
    TIM_SelectOnePulseMode                   0x08001e3d   Thumb Code    18  stm32f10x_tim.o(.text)
    TIM_SelectOutputTrigger                  0x08001e4f   Thumb Code    18  stm32f10x_tim.o(.text)
    TIM_SelectSlaveMode                      0x08001e61   Thumb Code    18  stm32f10x_tim.o(.text)
    TIM_SelectMasterSlaveMode                0x08001e73   Thumb Code    18  stm32f10x_tim.o(.text)
    TIM_SetCounter                           0x08001e85   Thumb Code     4  stm32f10x_tim.o(.text)
    TIM_SetAutoreload                        0x08001e89   Thumb Code     4  stm32f10x_tim.o(.text)
    TIM_SetCompare1                          0x08001e8d   Thumb Code     4  stm32f10x_tim.o(.text)
    TIM_SetCompare2                          0x08001e91   Thumb Code     4  stm32f10x_tim.o(.text)
    TIM_SetCompare3                          0x08001e95   Thumb Code     4  stm32f10x_tim.o(.text)
    TIM_SetCompare4                          0x08001e99   Thumb Code     6  stm32f10x_tim.o(.text)
    TIM_SetClockDivision                     0x08001e9f   Thumb Code    18  stm32f10x_tim.o(.text)
    TIM_GetCapture1                          0x08001eb1   Thumb Code     6  stm32f10x_tim.o(.text)
    TIM_GetCapture2                          0x08001eb7   Thumb Code     6  stm32f10x_tim.o(.text)
    TIM_GetCapture3                          0x08001ebd   Thumb Code     6  stm32f10x_tim.o(.text)
    TIM_GetCapture4                          0x08001ec3   Thumb Code     8  stm32f10x_tim.o(.text)
    TIM_GetCounter                           0x08001ecb   Thumb Code     6  stm32f10x_tim.o(.text)
    TIM_GetPrescaler                         0x08001ed1   Thumb Code     6  stm32f10x_tim.o(.text)
    TIM_GetFlagStatus                        0x08001ed7   Thumb Code    18  stm32f10x_tim.o(.text)
    TIM_ClearFlag                            0x08001ee9   Thumb Code     6  stm32f10x_tim.o(.text)
    TIM_GetITStatus                          0x08001eef   Thumb Code    34  stm32f10x_tim.o(.text)
    TIM_ClearITPendingBit                    0x08001f11   Thumb Code     6  stm32f10x_tim.o(.text)
    USART_DeInit                             0x08001f19   Thumb Code   134  stm32f10x_usart.o(.text)
    USART_Init                               0x08001f9f   Thumb Code   210  stm32f10x_usart.o(.text)
    USART_StructInit                         0x08002071   Thumb Code    24  stm32f10x_usart.o(.text)
    USART_ClockInit                          0x08002089   Thumb Code    34  stm32f10x_usart.o(.text)
    USART_ClockStructInit                    0x080020ab   Thumb Code    12  stm32f10x_usart.o(.text)
    USART_Cmd                                0x080020b7   Thumb Code    24  stm32f10x_usart.o(.text)
    USART_ITConfig                           0x080020cf   Thumb Code    74  stm32f10x_usart.o(.text)
    USART_DMACmd                             0x08002119   Thumb Code    18  stm32f10x_usart.o(.text)
    USART_SetAddress                         0x0800212b   Thumb Code    18  stm32f10x_usart.o(.text)
    USART_WakeUpConfig                       0x0800213d   Thumb Code    18  stm32f10x_usart.o(.text)
    USART_ReceiverWakeUpCmd                  0x0800214f   Thumb Code    24  stm32f10x_usart.o(.text)
    USART_LINBreakDetectLengthConfig         0x08002167   Thumb Code    18  stm32f10x_usart.o(.text)
    USART_LINCmd                             0x08002179   Thumb Code    24  stm32f10x_usart.o(.text)
    USART_SendData                           0x08002191   Thumb Code     8  stm32f10x_usart.o(.text)
    USART_ReceiveData                        0x08002199   Thumb Code    10  stm32f10x_usart.o(.text)
    USART_SendBreak                          0x080021a3   Thumb Code    10  stm32f10x_usart.o(.text)
    USART_SetGuardTime                       0x080021ad   Thumb Code    16  stm32f10x_usart.o(.text)
    USART_SetPrescaler                       0x080021bd   Thumb Code    16  stm32f10x_usart.o(.text)
    USART_SmartCardCmd                       0x080021cd   Thumb Code    24  stm32f10x_usart.o(.text)
    USART_SmartCardNACKCmd                   0x080021e5   Thumb Code    24  stm32f10x_usart.o(.text)
    USART_HalfDuplexCmd                      0x080021fd   Thumb Code    24  stm32f10x_usart.o(.text)
    USART_OverSampling8Cmd                   0x08002215   Thumb Code    22  stm32f10x_usart.o(.text)
    USART_OneBitMethodCmd                    0x0800222b   Thumb Code    24  stm32f10x_usart.o(.text)
    USART_IrDAConfig                         0x08002243   Thumb Code    18  stm32f10x_usart.o(.text)
    USART_IrDACmd                            0x08002255   Thumb Code    24  stm32f10x_usart.o(.text)
    USART_GetFlagStatus                      0x0800226d   Thumb Code    26  stm32f10x_usart.o(.text)
    USART_ClearFlag                          0x08002287   Thumb Code    18  stm32f10x_usart.o(.text)
    USART_GetITStatus                        0x08002299   Thumb Code    84  stm32f10x_usart.o(.text)
    USART_ClearITPendingBit                  0x080022ed   Thumb Code    52  stm32f10x_usart.o(.text)
    main                                     0x08002321   Thumb Code   168  main.o(.text)
    ServoSetPluseAndTime                     0x080023cd   Thumb Code   108  pwm.o(.text)
    ServoPwmDutyCompare                      0x08002439   Thumb Code   254  pwm.o(.text)
    InitTimer3                               0x08002537   Thumb Code    92  pwm.o(.text)
    InitPWM                                  0x08002593   Thumb Code   114  pwm.o(.text)
    Timer3ARRValue                           0x08002605   Thumb Code     8  pwm.o(.text)
    TIM3_IRQHandler                          0x0800260d   Thumb Code   390  pwm.o(.text)
    NMI_Handler                              0x080027e1   Thumb Code     2  stm32f10x_it.o(.text)
    HardFault_Handler                        0x080027e3   Thumb Code     4  stm32f10x_it.o(.text)
    MemManage_Handler                        0x080027e7   Thumb Code     4  stm32f10x_it.o(.text)
    BusFault_Handler                         0x080027eb   Thumb Code     4  stm32f10x_it.o(.text)
    UsageFault_Handler                       0x080027ef   Thumb Code     4  stm32f10x_it.o(.text)
    SVC_Handler                              0x080027f3   Thumb Code     2  stm32f10x_it.o(.text)
    DebugMon_Handler                         0x080027f5   Thumb Code     2  stm32f10x_it.o(.text)
    PendSV_Handler                           0x080027f7   Thumb Code     2  stm32f10x_it.o(.text)
    SysTick_Handler                          0x080027f9   Thumb Code     2  stm32f10x_it.o(.text)
    SystemInit                               0x080028d9   Thumb Code    78  system_stm32f10x.o(.text)
    SystemCoreClockUpdate                    0x08002927   Thumb Code   142  system_stm32f10x.o(.text)
    InitUart1                                0x080029d9   Thumb Code   156  pcmsg.o(.text)
    Uart1SendData                            0x08002a75   Thumb Code    32  pcmsg.o(.text)
    UART1SendDataPacket                      0x08002a95   Thumb Code    48  pcmsg.o(.text)
    USART1_IRQHandler                        0x08002ac5   Thumb Code   204  pcmsg.o(.text)
    McuToPCSendData                          0x08002b91   Thumb Code    56  pcmsg.o(.text)
    SaveAct                                  0x08002bdd   Thumb Code   108  pcmsg.o(.text)
    FlashEraseAll                            0x08002c49   Thumb Code    42  pcmsg.o(.text)
    TaskPCMsgHandle                          0x08002c73   Thumb Code   242  pcmsg.o(.text)
    InitMemory                               0x08002d65   Thumb Code    74  pcmsg.o(.text)
    InitDelay                                0x08002de5   Thumb Code    52  app.o(.text)
    DelayMs                                  0x08002e19   Thumb Code    54  app.o(.text)
    DelayUs                                  0x08002e4f   Thumb Code    54  app.o(.text)
    InitLED                                  0x08002e85   Thumb Code    40  app.o(.text)
    InitKey                                  0x08002ead   Thumb Code    32  app.o(.text)
    InitBuzzer                               0x08002ecd   Thumb Code    40  app.o(.text)
    InitTimer2                               0x08002ef5   Thumb Code    94  app.o(.text)
    InitADC                                  0x08002f53   Thumb Code   140  app.o(.text)
    GetADCResult                             0x08002fdf   Thumb Code    46  app.o(.text)
    CheckBatteryVoltage                      0x0800300d   Thumb Code    40  app.o(.text)
    GetBatteryVoltage                        0x08003035   Thumb Code     6  app.o(.text)
    Buzzer                                   0x0800303b   Thumb Code   132  app.o(.text)
    TIM2_IRQHandler                          0x080030bf   Thumb Code   126  app.o(.text)
    TaskTimeHandle                           0x0800313d   Thumb Code    70  app.o(.text)
    TaskRun                                  0x08003183   Thumb Code  1936  app.o(.text)
    FullActRun                               0x08003935   Thumb Code   106  robotrun.o(.text)
    FullActStop                              0x0800399f   Thumb Code    24  robotrun.o(.text)
    ActSubFrameRun                           0x080039b7   Thumb Code   140  robotrun.o(.text)
    TaskRobotRun                             0x08003a43   Thumb Code   176  robotrun.o(.text)
    SPIx_ReadWriteByte                       0x08003b19   Thumb Code    78  flash.o(.text)
    InitSpi                                  0x08003b67   Thumb Code   148  flash.o(.text)
    InitFlash                                0x08003bfb   Thumb Code    14  flash.o(.text)
    SPI_Flash_ReadSR                         0x08003c09   Thumb Code    38  flash.o(.text)
    SPI_Flash_Wait_Busy                      0x08003c2f   Thumb Code    16  flash.o(.text)
    SPI_FLASH_Write_Enable                   0x08003c3f   Thumb Code    26  flash.o(.text)
    FlashEraseSector                         0x08003c59   Thumb Code    62  flash.o(.text)
    FlashRead                                0x08003c97   Thumb Code    76  flash.o(.text)
    FlashWrite                               0x08003ce3   Thumb Code    82  flash.o(.text)
    PS2_Cmd                                  0x08003d55   Thumb Code   122  ps2gamepad.o(.text)
    PS2_ExitConfing                          0x08003dcf   Thumb Code    86  ps2gamepad.o(.text)
    PS2_VibrationMode                        0x08003e25   Thumb Code    62  ps2gamepad.o(.text)
    PS2_TurnOnAnalogMode                     0x08003e63   Thumb Code    86  ps2gamepad.o(.text)
    PS2_EnterConfing                         0x08003eb9   Thumb Code    86  ps2gamepad.o(.text)
    PS2_ShortPoll                            0x08003f0f   Thumb Code    62  ps2gamepad.o(.text)
    PS2_SetInit                              0x08003f4d   Thumb Code    38  ps2gamepad.o(.text)
    InitPS2                                  0x08003f73   Thumb Code   106  ps2gamepad.o(.text)
    PS2_RedLight                             0x08003fdd   Thumb Code    48  ps2gamepad.o(.text)
    PS2_ReadData                             0x0800400d   Thumb Code   154  ps2gamepad.o(.text)
    PS2_ClearData                            0x080040a7   Thumb Code    20  ps2gamepad.o(.text)
    PS2_DataKey                              0x080040bb   Thumb Code    78  ps2gamepad.o(.text)
    PS2_NewButtonState                       0x08004109   Thumb Code    34  ps2gamepad.o(.text)
    PS2_Button                               0x0800412b   Thumb Code    82  ps2gamepad.o(.text)
    PS2_ButtonPressed                        0x0800417d   Thumb Code    28  ps2gamepad.o(.text)
    PS2_ButtonReleased                       0x08004199   Thumb Code    28  ps2gamepad.o(.text)
    PS2_AnologData                           0x080041b5   Thumb Code     8  ps2gamepad.o(.text)
    PS2_Vibration                            0x080041bd   Thumb Code    90  ps2gamepad.o(.text)
    InitUart3                                0x08004225   Thumb Code   162  bluetooth.o(.text)
    USART3_IRQHandler                        0x080042c7   Thumb Code   172  bluetooth.o(.text)
    USART3SendDataPacket                     0x08004373   Thumb Code    48  bluetooth.o(.text)
    McuToPCSendDataByBLE                     0x080043b7   Thumb Code    54  bluetooth.o(.text)
    TaskBLEMsgHandle                         0x080043ed   Thumb Code   220  bluetooth.o(.text)
    InitUart2                                0x080044ed   Thumb Code   158  busservoctrl.o(.text)
    InitBusServoCtrl                         0x0800458b   Thumb Code    58  busservoctrl.o(.text)
    USART2SendDataPacket                     0x080045c5   Thumb Code    48  busservoctrl.o(.text)
    USART2_IRQHandler                        0x080045f5   Thumb Code    24  busservoctrl.o(.text)
    BusServoCtrl                             0x0800460d   Thumb Code   142  busservoctrl.o(.text)
    __use_two_region_memory                  0x080046ad   Thumb Code     2  heapauxi.o(.text)
    __rt_heap_escrow$2region                 0x080046af   Thumb Code     2  heapauxi.o(.text)
    __rt_heap_expand$2region                 0x080046b1   Thumb Code     2  heapauxi.o(.text)
    __user_setup_stackheap                   0x080046b3   Thumb Code    74  sys_stackheap_outer.o(.text)
    exit                                     0x080046fd   Thumb Code    12  exit.o(.text)
    __user_libspace                          0x08004709   Thumb Code     8  libspace.o(.text)
    __user_perproc_libspace                  0x08004709   Thumb Code     0  libspace.o(.text)
    __user_perthread_libspace                0x08004709   Thumb Code     0  libspace.o(.text)
    _sys_exit                                0x08004711   Thumb Code     8  sys_exit.o(.text)
    __I$use$semihosting                      0x0800471d   Thumb Code     0  use_no_semi.o(.text)
    __use_no_semihosting_swi                 0x0800471d   Thumb Code     2  use_no_semi.o(.text)
    __semihosting_library_function           0x0800471f   Thumb Code     0  indicate_semi.o(.text)
    __aeabi_fdiv                             0x08004721   Thumb Code     0  fdiv.o(x$fpl$fdiv)
    _fdiv                                    0x08004721   Thumb Code   384  fdiv.o(x$fpl$fdiv)
    __aeabi_f2iz                             0x080048a5   Thumb Code     0  ffix.o(x$fpl$ffix)
    _ffix                                    0x080048a5   Thumb Code    54  ffix.o(x$fpl$ffix)
    __aeabi_i2f                              0x080048dd   Thumb Code     0  fflt_clz.o(x$fpl$fflt)
    _fflt                                    0x080048dd   Thumb Code    48  fflt_clz.o(x$fpl$fflt)
    __aeabi_ui2f                             0x0800490d   Thumb Code     0  fflt_clz.o(x$fpl$ffltu)
    _ffltu                                   0x0800490d   Thumb Code    38  fflt_clz.o(x$fpl$ffltu)
    __aeabi_fmul                             0x08004935   Thumb Code     0  fmul.o(x$fpl$fmul)
    _fmul                                    0x08004935   Thumb Code   258  fmul.o(x$fpl$fmul)
    __fpl_fnaninf                            0x08004a37   Thumb Code   140  fnaninf.o(x$fpl$fnaninf)
    __fpl_fretinf                            0x08004ac3   Thumb Code    10  fretinf.o(x$fpl$fretinf)
    Region$$Table$$Base                      0x08004acc   Number         0  anon$$obj.o(Region$$Table)
    __I$use$fp                               0x08004acc   Number         0  usenofp.o(x$fpl$usenofp)
    Region$$Table$$Limit                     0x08004aec   Number         0  anon$$obj.o(Region$$Table)
    ServoPwmDuty                             0x20000014   Data          16  pwm.o(.data)
    ServoPwmDutySet                          0x20000024   Data          16  pwm.o(.data)
    ServoPwmDutyHaveChange                   0x20000034   Data           1  pwm.o(.data)
    ServoTime                                0x20000036   Data           2  pwm.o(.data)
    SystemCoreClock                          0x20000040   Data           4  system_stm32f10x.o(.data)
    AHBPrescTable                            0x20000044   Data          16  system_stm32f10x.o(.data)
    gSystemTickCount                         0x2000005c   Data           4  app.o(.data)
    BuzzerState                              0x20000060   Data           1  app.o(.data)
    Ps2TimeCount                             0x20000062   Data           2  app.o(.data)
    manual                                   0x20000068   Data           1  app.o(.data)
    BusServoPwmDutySet                       0x2000006a   Data          16  app.o(.data)
    BatteryVoltage                           0x20000098   Data           2  app.o(.data)
    i                                        0x2000009a   Data           1  app.o(.data)
    fRobotRun                                0x2000009c   Data           1  robotrun.o(.data)
    ActFullNum                               0x2000009d   Data           1  robotrun.o(.data)
    ActFullRunTimesSum                       0x200000a0   Data           4  robotrun.o(.data)
    ActFullRunTimes                          0x200000a4   Data           4  robotrun.o(.data)
    TimeActionRunTotal                       0x200000a8   Data           4  robotrun.o(.data)
    fFrameRunFinish                          0x200000ac   Data           1  robotrun.o(.data)
    FrameIndexSum                            0x200000ad   Data           1  robotrun.o(.data)
    FrameIndex                               0x200000ae   Data           1  robotrun.o(.data)
    Comd                                     0x200000b0   Data           2  ps2gamepad.o(.data)
    MASK                                     0x200000b2   Data          32  ps2gamepad.o(.data)
    LastHandkey                              0x200000d2   Data           2  ps2gamepad.o(.data)
    Handkey                                  0x200000d4   Data           2  ps2gamepad.o(.data)
    ServoPwmDutyInc                          0x200000dc   Data          32  pwm.o(.bss)
    Uart1RxBuffer                            0x20000200   Data         260  pcmsg.o(.bss)
    frameIndexSumSum                         0x20000304   Data         256  pcmsg.o(.bss)
    SPI_InitStructure                        0x20000404   Data          18  flash.o(.bss)
    Data                                     0x20000416   Data           9  ps2gamepad.o(.bss)
    __libspace_start                         0x20000524   Data          96  libspace.o(.bss)
    __temporary_stack_top$libspace           0x20000584   Data           0  libspace.o(.bss)



==============================================================================

Memory Map of the image

  Image Entry point : 0x080000ed

  Load Region LR_IROM1 (Base: 0x08000000, Size: 0x00004bc8, Max: 0x00020000, ABSOLUTE)

    Execution Region ER_IROM1 (Base: 0x08000000, Size: 0x00004aec, Max: 0x00020000, ABSOLUTE)

    Base Addr    Size         Type   Attr      Idx    E Section Name        Object

    0x08000000   0x000000ec   Data   RO           19    RESET               startup_stm32f10x_md.o
    0x080000ec   0x00000008   Code   RO          634  * !!!main             c_w.l(__main.o)
    0x080000f4   0x00000034   Code   RO          809    !!!scatter          c_w.l(__scatter.o)
    0x08000128   0x0000001a   Code   RO          811    !!handler_copy      c_w.l(__scatter_copy.o)
    0x08000142   0x00000002   PAD
    0x08000144   0x0000001c   Code   RO          813    !!handler_zi        c_w.l(__scatter_zi.o)
    0x08000160   0x00000002   Code   RO          682    .ARM.Collect$$libinit$$00000000  c_w.l(libinit.o)
    0x08000162   0x00000000   Code   RO          689    .ARM.Collect$$libinit$$00000002  c_w.l(libinit2.o)
    0x08000162   0x00000000   Code   RO          692    .ARM.Collect$$libinit$$00000008  c_w.l(libinit2.o)
    0x08000162   0x00000000   Code   RO          694    .ARM.Collect$$libinit$$0000000A  c_w.l(libinit2.o)
    0x08000162   0x00000000   Code   RO          696    .ARM.Collect$$libinit$$0000000C  c_w.l(libinit2.o)
    0x08000162   0x00000000   Code   RO          699    .ARM.Collect$$libinit$$0000000F  c_w.l(libinit2.o)
    0x08000162   0x00000000   Code   RO          701    .ARM.Collect$$libinit$$00000011  c_w.l(libinit2.o)
    0x08000162   0x00000000   Code   RO          703    .ARM.Collect$$libinit$$00000013  c_w.l(libinit2.o)
    0x08000162   0x00000000   Code   RO          705    .ARM.Collect$$libinit$$00000015  c_w.l(libinit2.o)
    0x08000162   0x00000000   Code   RO          707    .ARM.Collect$$libinit$$00000017  c_w.l(libinit2.o)
    0x08000162   0x00000000   Code   RO          709    .ARM.Collect$$libinit$$00000019  c_w.l(libinit2.o)
    0x08000162   0x00000000   Code   RO          711    .ARM.Collect$$libinit$$0000001B  c_w.l(libinit2.o)
    0x08000162   0x00000000   Code   RO          713    .ARM.Collect$$libinit$$0000001D  c_w.l(libinit2.o)
    0x08000162   0x00000000   Code   RO          715    .ARM.Collect$$libinit$$0000001F  c_w.l(libinit2.o)
    0x08000162   0x00000000   Code   RO          717    .ARM.Collect$$libinit$$00000021  c_w.l(libinit2.o)
    0x08000162   0x00000000   Code   RO          719    .ARM.Collect$$libinit$$00000023  c_w.l(libinit2.o)
    0x08000162   0x00000000   Code   RO          723    .ARM.Collect$$libinit$$0000002A  c_w.l(libinit2.o)
    0x08000162   0x00000000   Code   RO          725    .ARM.Collect$$libinit$$0000002C  c_w.l(libinit2.o)
    0x08000162   0x00000000   Code   RO          727    .ARM.Collect$$libinit$$0000002E  c_w.l(libinit2.o)
    0x08000162   0x00000000   Code   RO          729    .ARM.Collect$$libinit$$00000030  c_w.l(libinit2.o)
    0x08000162   0x00000002   Code   RO          730    .ARM.Collect$$libinit$$00000031  c_w.l(libinit2.o)
    0x08000164   0x00000002   Code   RO          750    .ARM.Collect$$libshutdown$$00000000  c_w.l(libshutdown.o)
    0x08000166   0x00000000   Code   RO          764    .ARM.Collect$$libshutdown$$00000003  c_w.l(libshutdown2.o)
    0x08000166   0x00000000   Code   RO          767    .ARM.Collect$$libshutdown$$00000006  c_w.l(libshutdown2.o)
    0x08000166   0x00000000   Code   RO          770    .ARM.Collect$$libshutdown$$00000009  c_w.l(libshutdown2.o)
    0x08000166   0x00000000   Code   RO          772    .ARM.Collect$$libshutdown$$0000000B  c_w.l(libshutdown2.o)
    0x08000166   0x00000000   Code   RO          775    .ARM.Collect$$libshutdown$$0000000E  c_w.l(libshutdown2.o)
    0x08000166   0x00000002   Code   RO          776    .ARM.Collect$$libshutdown$$0000000F  c_w.l(libshutdown2.o)
    0x08000168   0x00000000   Code   RO          652    .ARM.Collect$$rtentry$$00000000  c_w.l(rtentry.o)
    0x08000168   0x00000000   Code   RO          659    .ARM.Collect$$rtentry$$00000002  c_w.l(rtentry2.o)
    0x08000168   0x00000006   Code   RO          671    .ARM.Collect$$rtentry$$00000004  c_w.l(rtentry4.o)
    0x0800016e   0x00000000   Code   RO          661    .ARM.Collect$$rtentry$$00000009  c_w.l(rtentry2.o)
    0x0800016e   0x00000004   Code   RO          662    .ARM.Collect$$rtentry$$0000000A  c_w.l(rtentry2.o)
    0x08000172   0x00000000   Code   RO          664    .ARM.Collect$$rtentry$$0000000C  c_w.l(rtentry2.o)
    0x08000172   0x00000008   Code   RO          665    .ARM.Collect$$rtentry$$0000000D  c_w.l(rtentry2.o)
    0x0800017a   0x00000002   Code   RO          686    .ARM.Collect$$rtexit$$00000000  c_w.l(rtexit.o)
    0x0800017c   0x00000000   Code   RO          732    .ARM.Collect$$rtexit$$00000002  c_w.l(rtexit2.o)
    0x0800017c   0x00000004   Code   RO          733    .ARM.Collect$$rtexit$$00000003  c_w.l(rtexit2.o)
    0x08000180   0x00000006   Code   RO          734    .ARM.Collect$$rtexit$$00000004  c_w.l(rtexit2.o)
    0x08000186   0x00000002   PAD
    0x08000188   0x00000040   Code   RO           20    .text               startup_stm32f10x_md.o
    0x080001c8   0x000000dc   Code   RO           24    .text               misc.o
    0x080002a4   0x0000044e   Code   RO          119    .text               stm32f10x_adc.o
    0x080006f2   0x00000002   PAD
    0x080006f4   0x00000358   Code   RO          251    .text               stm32f10x_gpio.o
    0x08000a4c   0x000003a4   Code   RO          299    .text               stm32f10x_rcc.o
    0x08000df0   0x0000030c   Code   RO          337    .text               stm32f10x_spi.o
    0x080010fc   0x00000e1a   Code   RO          349    .text               stm32f10x_tim.o
    0x08001f16   0x00000002   PAD
    0x08001f18   0x00000408   Code   RO          361    .text               stm32f10x_usart.o
    0x08002320   0x000000ac   Code   RO          385    .text               main.o
    0x080023cc   0x00000414   Code   RO          452    .text               pwm.o
    0x080027e0   0x0000001a   Code   RO          471    .text               stm32f10x_it.o
    0x080027fa   0x00000002   PAD
    0x080027fc   0x000001dc   Code   RO          505    .text               system_stm32f10x.o
    0x080029d8   0x0000040c   Code   RO          523    .text               pcmsg.o
    0x08002de4   0x00000b50   Code   RO          539    .text               app.o
    0x08003934   0x000001e4   Code   RO          557    .text               robotrun.o
    0x08003b18   0x00000230   Code   RO          572    .text               flash.o
    0x08003d48   0x000004dc   Code   RO          587    .text               ps2gamepad.o
    0x08004224   0x000002c8   Code   RO          603    .text               bluetooth.o
    0x080044ec   0x000001c0   Code   RO          618    .text               busservoctrl.o
    0x080046ac   0x00000006   Code   RO          632    .text               c_w.l(heapauxi.o)
    0x080046b2   0x0000004a   Code   RO          673    .text               c_w.l(sys_stackheap_outer.o)
    0x080046fc   0x0000000c   Code   RO          675    .text               c_w.l(exit.o)
    0x08004708   0x00000008   Code   RO          683    .text               c_w.l(libspace.o)
    0x08004710   0x0000000c   Code   RO          742    .text               c_w.l(sys_exit.o)
    0x0800471c   0x00000002   Code   RO          753    .text               c_w.l(use_no_semi.o)
    0x0800471e   0x00000000   Code   RO          755    .text               c_w.l(indicate_semi.o)
    0x0800471e   0x00000002   PAD
    0x08004720   0x00000184   Code   RO          637    x$fpl$fdiv          fz_ws.l(fdiv.o)
    0x080048a4   0x00000036   Code   RO          640    x$fpl$ffix          fz_ws.l(ffix.o)
    0x080048da   0x00000002   PAD
    0x080048dc   0x00000030   Code   RO          645    x$fpl$fflt          fz_ws.l(fflt_clz.o)
    0x0800490c   0x00000026   Code   RO          644    x$fpl$ffltu         fz_ws.l(fflt_clz.o)
    0x08004932   0x00000002   PAD
    0x08004934   0x00000102   Code   RO          650    x$fpl$fmul          fz_ws.l(fmul.o)
    0x08004a36   0x0000008c   Code   RO          653    x$fpl$fnaninf       fz_ws.l(fnaninf.o)
    0x08004ac2   0x0000000a   Code   RO          655    x$fpl$fretinf       fz_ws.l(fretinf.o)
    0x08004acc   0x00000000   Code   RO          657    x$fpl$usenofp       fz_ws.l(usenofp.o)
    0x08004acc   0x00000020   Data   RO          807    Region$$Table       anon$$obj.o


    Execution Region RW_IRAM1 (Base: 0x20000000, Size: 0x00000b88, Max: 0x00005000, ABSOLUTE)

    Base Addr    Size         Type   Attr      Idx    E Section Name        Object

    0x20000000   0x00000014   Data   RW          300    .data               stm32f10x_rcc.o
    0x20000014   0x0000002a   Data   RW          454    .data               pwm.o
    0x2000003e   0x00000002   PAD
    0x20000040   0x00000014   Data   RW          506    .data               system_stm32f10x.o
    0x20000054   0x00000005   Data   RW          525    .data               pcmsg.o
    0x20000059   0x00000003   PAD
    0x2000005c   0x0000003f   Data   RW          540    .data               app.o
    0x2000009b   0x00000001   PAD
    0x2000009c   0x00000013   Data   RW          558    .data               robotrun.o
    0x200000af   0x00000001   PAD
    0x200000b0   0x00000026   Data   RW          589    .data               ps2gamepad.o
    0x200000d6   0x00000005   Data   RW          605    .data               bluetooth.o
    0x200000db   0x00000001   PAD
    0x200000dc   0x00000020   Zero   RW          453    .bss                pwm.o
    0x200000fc   0x00000308   Zero   RW          524    .bss                pcmsg.o
    0x20000404   0x00000012   Zero   RW          573    .bss                flash.o
    0x20000416   0x00000009   Zero   RW          588    .bss                ps2gamepad.o
    0x2000041f   0x00000104   Zero   RW          604    .bss                bluetooth.o
    0x20000523   0x00000001   PAD
    0x20000524   0x00000060   Zero   RW          684    .bss                c_w.l(libspace.o)
    0x20000584   0x00000004   PAD
    0x20000588   0x00000200   Zero   RW           18    HEAP                startup_stm32f10x_md.o
    0x20000788   0x00000400   Zero   RW           17    STACK               startup_stm32f10x_md.o


==============================================================================

Image component sizes


      Code (inc. data)   RO Data    RW Data    ZI Data      Debug   Object Name

      2896        190          0         63          0       4886   app.o
       712         36          0          5        260       2681   bluetooth.o
       448         18          0          0          0       1905   busservoctrl.o
         0          0          0          0          0       4268   core_cm3.o
       560         20          0          0         18       2621   flash.o
       172          4          0          0          0     215155   main.o
       220         20          0          0          0     264341   misc.o
      1036         54          0          5        776       3826   pcmsg.o
      1244         66          0         38          9       4669   ps2gamepad.o
      1044         96          0         42         32       2465   pwm.o
       484         38          0         19          0       2039   robotrun.o
        64         26        236          0       1536        740   startup_stm32f10x_md.o
      1102         26          0          0          0      10765   stm32f10x_adc.o
       856         40          0          0          0       5581   stm32f10x_gpio.o
        26          0          0          0          0       1166   stm32f10x_it.o
       932         44          0         20          0       8724   stm32f10x_rcc.o
       780         14          0          0          0       6458   stm32f10x_spi.o
      3610         88          0          0          0      22064   stm32f10x_tim.o
      1032         22          0          0          0       8300   stm32f10x_usart.o
       476         36          0         20          0       1683   system_stm32f10x.o

    ----------------------------------------------------------------------
     17700        838        268        220       2632     574337   Object Totals
         0          0         32          0          0          0   (incl. Generated)
         6          0          0          8          1          0   (incl. Padding)

    ----------------------------------------------------------------------

      Code (inc. data)   RO Data    RW Data    ZI Data      Debug   Library Member Name

         8          0          0          0          0         68   __main.o
        52          8          0          0          0          0   __scatter.o
        26          0          0          0          0          0   __scatter_copy.o
        28          0          0          0          0          0   __scatter_zi.o
        12          0          0          0          0         72   exit.o
         6          0          0          0          0        152   heapauxi.o
         0          0          0          0          0          0   indicate_semi.o
         2          0          0          0          0          0   libinit.o
         2          0          0          0          0          0   libinit2.o
         2          0          0          0          0          0   libshutdown.o
         2          0          0          0          0          0   libshutdown2.o
         8          4          0          0         96         68   libspace.o
         0          0          0          0          0          0   rtentry.o
        12          0          0          0          0          0   rtentry2.o
         6          0          0          0          0          0   rtentry4.o
         2          0          0          0          0          0   rtexit.o
        10          0          0          0          0          0   rtexit2.o
        12          4          0          0          0         68   sys_exit.o
        74          0          0          0          0         80   sys_stackheap_outer.o
         2          0          0          0          0         68   use_no_semi.o
       388         76          0          0          0         96   fdiv.o
        54          4          0          0          0         84   ffix.o
        86          0          0          0          0        136   fflt_clz.o
       258          4          0          0          0         84   fmul.o
       140          4          0          0          0         84   fnaninf.o
        10          0          0          0          0         68   fretinf.o
         0          0          0          0          0          0   usenofp.o

    ----------------------------------------------------------------------
      1212        104          0          0        100       1128   Library Totals
        10          0          0          0          4          0   (incl. Padding)

    ----------------------------------------------------------------------

      Code (inc. data)   RO Data    RW Data    ZI Data      Debug   Library Name

       266         16          0          0         96        576   c_w.l
       936         88          0          0          0        552   fz_ws.l

    ----------------------------------------------------------------------
      1212        104          0          0        100       1128   Library Totals

    ----------------------------------------------------------------------

==============================================================================


      Code (inc. data)   RO Data    RW Data    ZI Data      Debug   

     18912        942        268        220       2732     572917   Grand Totals
     18912        942        268        220       2732     572917   ELF Image Totals
     18912        942        268        220          0          0   ROM Totals

==============================================================================

    Total RO  Size (Code + RO Data)                19180 (  18.73kB)
    Total RW  Size (RW Data + ZI Data)              2952 (   2.88kB)
    Total ROM Size (Code + RO Data + RW Data)      19400 (  18.95kB)

==============================================================================

